Archive member included to satisfy reference by file (symbol)

c:/msys64/mingw64/bin/../lib/gcc/arm-none-eabi/12.2.0/thumb/v7-m/nofp\libgcc.a(_arm_muldf3.o)
                              Output/adc.o (__aeabi_dmul)
c:/msys64/mingw64/bin/../lib/gcc/arm-none-eabi/12.2.0/thumb/v7-m/nofp\libgcc.a(_arm_addsubdf3.o)
                              Output/adc.o (__aeabi_dsub)
c:/msys64/mingw64/bin/../lib/gcc/arm-none-eabi/12.2.0/thumb/v7-m/nofp\libgcc.a(_arm_muldivdf3.o)
                              Output/adc.o (__aeabi_ddiv)
c:/msys64/mingw64/bin/../lib/gcc/arm-none-eabi/12.2.0/thumb/v7-m/nofp\libgcc.a(_arm_truncdfsf2.o)
                              Output/adc.o (__aeabi_d2f)
c:/msys64/mingw64/bin/../lib/gcc/arm-none-eabi/12.2.0/../../../../arm-none-eabi/lib/thumb/v7-m/nofp\libc.a(libc_a-atexit.o)
                              c:/msys64/mingw64/bin/../lib/gcc/arm-none-eabi/12.2.0/../../../../arm-none-eabi/lib/thumb/v7-m/nofp/crt0.o (atexit)
c:/msys64/mingw64/bin/../lib/gcc/arm-none-eabi/12.2.0/../../../../arm-none-eabi/lib/thumb/v7-m/nofp\libc.a(libc_a-exit.o)
                              c:/msys64/mingw64/bin/../lib/gcc/arm-none-eabi/12.2.0/../../../../arm-none-eabi/lib/thumb/v7-m/nofp/crt0.o (exit)
c:/msys64/mingw64/bin/../lib/gcc/arm-none-eabi/12.2.0/../../../../arm-none-eabi/lib/thumb/v7-m/nofp\libc.a(libc_a-findfp.o)
                              c:/msys64/mingw64/bin/../lib/gcc/arm-none-eabi/12.2.0/../../../../arm-none-eabi/lib/thumb/v7-m/nofp\libc.a(libc_a-exit.o) (__stdio_exit_handler)
c:/msys64/mingw64/bin/../lib/gcc/arm-none-eabi/12.2.0/../../../../arm-none-eabi/lib/thumb/v7-m/nofp\libc.a(libc_a-fwalk.o)
                              c:/msys64/mingw64/bin/../lib/gcc/arm-none-eabi/12.2.0/../../../../arm-none-eabi/lib/thumb/v7-m/nofp\libc.a(libc_a-findfp.o) (_fwalk_sglue)
c:/msys64/mingw64/bin/../lib/gcc/arm-none-eabi/12.2.0/../../../../arm-none-eabi/lib/thumb/v7-m/nofp\libc.a(libc_a-stdio.o)
                              c:/msys64/mingw64/bin/../lib/gcc/arm-none-eabi/12.2.0/../../../../arm-none-eabi/lib/thumb/v7-m/nofp\libc.a(libc_a-findfp.o) (__sread)
c:/msys64/mingw64/bin/../lib/gcc/arm-none-eabi/12.2.0/../../../../arm-none-eabi/lib/thumb/v7-m/nofp\libc.a(libc_a-memset.o)
                              c:/msys64/mingw64/bin/../lib/gcc/arm-none-eabi/12.2.0/../../../../arm-none-eabi/lib/thumb/v7-m/nofp/crt0.o (memset)
c:/msys64/mingw64/bin/../lib/gcc/arm-none-eabi/12.2.0/../../../../arm-none-eabi/lib/thumb/v7-m/nofp\libc.a(libc_a-closer.o)
                              c:/msys64/mingw64/bin/../lib/gcc/arm-none-eabi/12.2.0/../../../../arm-none-eabi/lib/thumb/v7-m/nofp\libc.a(libc_a-stdio.o) (_close_r)
c:/msys64/mingw64/bin/../lib/gcc/arm-none-eabi/12.2.0/../../../../arm-none-eabi/lib/thumb/v7-m/nofp\libc.a(libc_a-reent.o)
                              c:/msys64/mingw64/bin/../lib/gcc/arm-none-eabi/12.2.0/../../../../arm-none-eabi/lib/thumb/v7-m/nofp\libc.a(libc_a-closer.o) (errno)
c:/msys64/mingw64/bin/../lib/gcc/arm-none-eabi/12.2.0/../../../../arm-none-eabi/lib/thumb/v7-m/nofp\libc.a(libc_a-impure.o)
                              c:/msys64/mingw64/bin/../lib/gcc/arm-none-eabi/12.2.0/../../../../arm-none-eabi/lib/thumb/v7-m/nofp\libc.a(libc_a-reent.o) (_impure_ptr)
c:/msys64/mingw64/bin/../lib/gcc/arm-none-eabi/12.2.0/../../../../arm-none-eabi/lib/thumb/v7-m/nofp\libc.a(libc_a-lseekr.o)
                              c:/msys64/mingw64/bin/../lib/gcc/arm-none-eabi/12.2.0/../../../../arm-none-eabi/lib/thumb/v7-m/nofp\libc.a(libc_a-stdio.o) (_lseek_r)
c:/msys64/mingw64/bin/../lib/gcc/arm-none-eabi/12.2.0/../../../../arm-none-eabi/lib/thumb/v7-m/nofp\libc.a(libc_a-readr.o)
                              c:/msys64/mingw64/bin/../lib/gcc/arm-none-eabi/12.2.0/../../../../arm-none-eabi/lib/thumb/v7-m/nofp\libc.a(libc_a-stdio.o) (_read_r)
c:/msys64/mingw64/bin/../lib/gcc/arm-none-eabi/12.2.0/../../../../arm-none-eabi/lib/thumb/v7-m/nofp\libc.a(libc_a-writer.o)
                              c:/msys64/mingw64/bin/../lib/gcc/arm-none-eabi/12.2.0/../../../../arm-none-eabi/lib/thumb/v7-m/nofp\libc.a(libc_a-stdio.o) (_write_r)
c:/msys64/mingw64/bin/../lib/gcc/arm-none-eabi/12.2.0/../../../../arm-none-eabi/lib/thumb/v7-m/nofp\libc.a(libc_a-init.o)
                              c:/msys64/mingw64/bin/../lib/gcc/arm-none-eabi/12.2.0/../../../../arm-none-eabi/lib/thumb/v7-m/nofp/crt0.o (__libc_init_array)
c:/msys64/mingw64/bin/../lib/gcc/arm-none-eabi/12.2.0/../../../../arm-none-eabi/lib/thumb/v7-m/nofp\libc.a(libc_a-fini.o)
                              c:/msys64/mingw64/bin/../lib/gcc/arm-none-eabi/12.2.0/../../../../arm-none-eabi/lib/thumb/v7-m/nofp/crt0.o (__libc_fini_array)
c:/msys64/mingw64/bin/../lib/gcc/arm-none-eabi/12.2.0/../../../../arm-none-eabi/lib/thumb/v7-m/nofp\libc.a(libc_a-lock.o)
                              c:/msys64/mingw64/bin/../lib/gcc/arm-none-eabi/12.2.0/../../../../arm-none-eabi/lib/thumb/v7-m/nofp\libc.a(libc_a-findfp.o) (__retarget_lock_init_recursive)
c:/msys64/mingw64/bin/../lib/gcc/arm-none-eabi/12.2.0/../../../../arm-none-eabi/lib/thumb/v7-m/nofp\libc.a(libc_a-memcpy.o)
                              Output/queue.o (memcpy)
c:/msys64/mingw64/bin/../lib/gcc/arm-none-eabi/12.2.0/../../../../arm-none-eabi/lib/thumb/v7-m/nofp\libc.a(libc_a-__atexit.o)
                              c:/msys64/mingw64/bin/../lib/gcc/arm-none-eabi/12.2.0/../../../../arm-none-eabi/lib/thumb/v7-m/nofp\libc.a(libc_a-atexit.o) (__register_exitproc)
c:/msys64/mingw64/bin/../lib/gcc/arm-none-eabi/12.2.0/../../../../arm-none-eabi/lib/thumb/v7-m/nofp\libc.a(libc_a-__call_atexit.o)
                              c:/msys64/mingw64/bin/../lib/gcc/arm-none-eabi/12.2.0/../../../../arm-none-eabi/lib/thumb/v7-m/nofp\libc.a(libc_a-exit.o) (__call_exitprocs)
c:/msys64/mingw64/bin/../lib/gcc/arm-none-eabi/12.2.0/../../../../arm-none-eabi/lib/thumb/v7-m/nofp\libc.a(libc_a-freer.o)
                              c:/msys64/mingw64/bin/../lib/gcc/arm-none-eabi/12.2.0/../../../../arm-none-eabi/lib/thumb/v7-m/nofp\libc.a(libc_a-reent.o) (_free_r)
c:/msys64/mingw64/bin/../lib/gcc/arm-none-eabi/12.2.0/../../../../arm-none-eabi/lib/thumb/v7-m/nofp\libc.a(libc_a-mallocr.o)
                              c:/msys64/mingw64/bin/../lib/gcc/arm-none-eabi/12.2.0/../../../../arm-none-eabi/lib/thumb/v7-m/nofp\libc.a(libc_a-findfp.o) (_malloc_r)
c:/msys64/mingw64/bin/../lib/gcc/arm-none-eabi/12.2.0/../../../../arm-none-eabi/lib/thumb/v7-m/nofp\libc.a(libc_a-mlock.o)
                              c:/msys64/mingw64/bin/../lib/gcc/arm-none-eabi/12.2.0/../../../../arm-none-eabi/lib/thumb/v7-m/nofp\libc.a(libc_a-freer.o) (__malloc_lock)
c:/msys64/mingw64/bin/../lib/gcc/arm-none-eabi/12.2.0/../../../../arm-none-eabi/lib/thumb/v7-m/nofp\libc.a(libc_a-fclose.o)
                              c:/msys64/mingw64/bin/../lib/gcc/arm-none-eabi/12.2.0/../../../../arm-none-eabi/lib/thumb/v7-m/nofp\libc.a(libc_a-findfp.o) (_fclose_r)
c:/msys64/mingw64/bin/../lib/gcc/arm-none-eabi/12.2.0/../../../../arm-none-eabi/lib/thumb/v7-m/nofp\libc.a(libc_a-fflush.o)
                              c:/msys64/mingw64/bin/../lib/gcc/arm-none-eabi/12.2.0/../../../../arm-none-eabi/lib/thumb/v7-m/nofp\libc.a(libc_a-fclose.o) (__sflush_r)
c:/msys64/mingw64/bin/../lib/gcc/arm-none-eabi/12.2.0/../../../../arm-none-eabi/lib/thumb/v7-m/nofp\libc.a(libc_a-sbrkr.o)
                              c:/msys64/mingw64/bin/../lib/gcc/arm-none-eabi/12.2.0/../../../../arm-none-eabi/lib/thumb/v7-m/nofp\libc.a(libc_a-freer.o) (_sbrk_r)
c:/msys64/mingw64/bin/../lib/gcc/arm-none-eabi/12.2.0/../../../../arm-none-eabi/lib/thumb/v7-m/nofp\libc.a(libc_a-sysconf.o)
                              c:/msys64/mingw64/bin/../lib/gcc/arm-none-eabi/12.2.0/../../../../arm-none-eabi/lib/thumb/v7-m/nofp\libc.a(libc_a-freer.o) (sysconf)
c:/msys64/mingw64/bin/../lib/gcc/arm-none-eabi/12.2.0/../../../../arm-none-eabi/lib/thumb/v7-m/nofp\libc.a(libc_a-errno.o)
                              c:/msys64/mingw64/bin/../lib/gcc/arm-none-eabi/12.2.0/../../../../arm-none-eabi/lib/thumb/v7-m/nofp\libc.a(libc_a-sysconf.o) (__errno)

Discarded input sections

 .text          0x00000000        0x0 c:/msys64/mingw64/bin/../lib/gcc/arm-none-eabi/12.2.0/thumb/v7-m/nofp/crti.o
 .data          0x00000000        0x0 c:/msys64/mingw64/bin/../lib/gcc/arm-none-eabi/12.2.0/thumb/v7-m/nofp/crti.o
 .bss           0x00000000        0x0 c:/msys64/mingw64/bin/../lib/gcc/arm-none-eabi/12.2.0/thumb/v7-m/nofp/crti.o
 .text          0x00000000        0x0 c:/msys64/mingw64/bin/../lib/gcc/arm-none-eabi/12.2.0/thumb/v7-m/nofp/crtbegin.o
 .data          0x00000000        0x0 c:/msys64/mingw64/bin/../lib/gcc/arm-none-eabi/12.2.0/thumb/v7-m/nofp/crtbegin.o
 .bss           0x00000000        0x0 c:/msys64/mingw64/bin/../lib/gcc/arm-none-eabi/12.2.0/thumb/v7-m/nofp/crtbegin.o
 .rodata.all_implied_fbits
                0x00000000       0x24 c:/msys64/mingw64/bin/../lib/gcc/arm-none-eabi/12.2.0/thumb/v7-m/nofp/crtbegin.o
 .data.__dso_handle
                0x00000000        0x4 c:/msys64/mingw64/bin/../lib/gcc/arm-none-eabi/12.2.0/thumb/v7-m/nofp/crtbegin.o
 .text          0x00000000       0x70 c:/msys64/mingw64/bin/../lib/gcc/arm-none-eabi/12.2.0/../../../../arm-none-eabi/lib/thumb/v7-m/nofp/crt0.o
 .data          0x00000000        0x0 c:/msys64/mingw64/bin/../lib/gcc/arm-none-eabi/12.2.0/../../../../arm-none-eabi/lib/thumb/v7-m/nofp/crt0.o
 .bss           0x00000000        0x0 c:/msys64/mingw64/bin/../lib/gcc/arm-none-eabi/12.2.0/../../../../arm-none-eabi/lib/thumb/v7-m/nofp/crt0.o
 .ARM.extab     0x00000000        0x0 c:/msys64/mingw64/bin/../lib/gcc/arm-none-eabi/12.2.0/../../../../arm-none-eabi/lib/thumb/v7-m/nofp/crt0.o
 .ARM.exidx     0x00000000       0x10 c:/msys64/mingw64/bin/../lib/gcc/arm-none-eabi/12.2.0/../../../../arm-none-eabi/lib/thumb/v7-m/nofp/crt0.o
 .debug_line_str
                0x00000000       0x75 c:/msys64/mingw64/bin/../lib/gcc/arm-none-eabi/12.2.0/../../../../arm-none-eabi/lib/thumb/v7-m/nofp/crt0.o
 .ARM.attributes
                0x00000000       0x1b c:/msys64/mingw64/bin/../lib/gcc/arm-none-eabi/12.2.0/../../../../arm-none-eabi/lib/thumb/v7-m/nofp/crt0.o
 .rodata        0x00000000        0x4 Output/port.o
 .rodata        0x00000000        0x2 Output/heap_4.o
 .data          0x00000000        0x0 Output/main.o
 .text          0x00000000      0x244 Output/adc.o
 .data          0x00000000        0x0 Output/adc.o
 .bss           0x00000000        0x0 Output/adc.o
 .comment       0x00000000       0x13 Output/adc.o
 .ARM.attributes
                0x00000000       0x2d Output/adc.o
 .data          0x00000000        0x0 Output/gpio.o
 .bss           0x00000000        0x0 Output/gpio.o
 .text          0x00000000       0x6c Output/sleep.o
 .data          0x00000000        0x0 Output/sleep.o
 .bss           0x00000000        0x0 Output/sleep.o
 .comment       0x00000000       0x13 Output/sleep.o
 .ARM.attributes
                0x00000000       0x2d Output/sleep.o
 .data          0x00000000        0x0 Output/system_init.o
 .data          0x00000000        0x0 Output/timer.o
 .text          0x00000000        0x0 Output/croutine.o
 .data          0x00000000        0x0 Output/croutine.o
 .bss           0x00000000        0x0 Output/croutine.o
 .comment       0x00000000       0x13 Output/croutine.o
 .ARM.attributes
                0x00000000       0x2d Output/croutine.o
 .text          0x00000000      0x710 Output/event_groups.o
 .data          0x00000000        0x0 Output/event_groups.o
 .bss           0x00000000        0x0 Output/event_groups.o
 .comment       0x00000000       0x13 Output/event_groups.o
 .ARM.attributes
                0x00000000       0x2d Output/event_groups.o
 .data          0x00000000        0x0 Output/list.o
 .bss           0x00000000        0x0 Output/list.o
 .data          0x00000000        0x0 Output/queue.o
 .text          0x00000000      0xe84 Output/stream_buffer.o
 .data          0x00000000        0x0 Output/stream_buffer.o
 .bss           0x00000000        0x0 Output/stream_buffer.o
 .comment       0x00000000       0x13 Output/stream_buffer.o
 .ARM.attributes
                0x00000000       0x2d Output/stream_buffer.o
 .data          0x00000000        0x0 Output/timers.o
 .text          0x00000000       0x14 Output/startup_stm32f103c8tx.o
 .data          0x00000000        0x0 Output/startup_stm32f103c8tx.o
 .bss           0x00000000        0x0 Output/startup_stm32f103c8tx.o
 .text          0x00000000      0x254 c:/msys64/mingw64/bin/../lib/gcc/arm-none-eabi/12.2.0/thumb/v7-m/nofp\libgcc.a(_arm_muldf3.o)
 .data          0x00000000        0x0 c:/msys64/mingw64/bin/../lib/gcc/arm-none-eabi/12.2.0/thumb/v7-m/nofp\libgcc.a(_arm_muldf3.o)
 .bss           0x00000000        0x0 c:/msys64/mingw64/bin/../lib/gcc/arm-none-eabi/12.2.0/thumb/v7-m/nofp\libgcc.a(_arm_muldf3.o)
 .debug_line    0x00000000       0xf5 c:/msys64/mingw64/bin/../lib/gcc/arm-none-eabi/12.2.0/thumb/v7-m/nofp\libgcc.a(_arm_muldf3.o)
 .debug_line_str
                0x00000000       0xa9 c:/msys64/mingw64/bin/../lib/gcc/arm-none-eabi/12.2.0/thumb/v7-m/nofp\libgcc.a(_arm_muldf3.o)
 .debug_info    0x00000000       0x3c c:/msys64/mingw64/bin/../lib/gcc/arm-none-eabi/12.2.0/thumb/v7-m/nofp\libgcc.a(_arm_muldf3.o)
 .debug_abbrev  0x00000000       0x1f c:/msys64/mingw64/bin/../lib/gcc/arm-none-eabi/12.2.0/thumb/v7-m/nofp\libgcc.a(_arm_muldf3.o)
 .debug_aranges
                0x00000000       0x20 c:/msys64/mingw64/bin/../lib/gcc/arm-none-eabi/12.2.0/thumb/v7-m/nofp\libgcc.a(_arm_muldf3.o)
 .debug_str     0x00000000       0xcb c:/msys64/mingw64/bin/../lib/gcc/arm-none-eabi/12.2.0/thumb/v7-m/nofp\libgcc.a(_arm_muldf3.o)
 .debug_frame   0x00000000       0x30 c:/msys64/mingw64/bin/../lib/gcc/arm-none-eabi/12.2.0/thumb/v7-m/nofp\libgcc.a(_arm_muldf3.o)
 .ARM.attributes
                0x00000000       0x1d c:/msys64/mingw64/bin/../lib/gcc/arm-none-eabi/12.2.0/thumb/v7-m/nofp\libgcc.a(_arm_muldf3.o)
 .text          0x00000000      0x378 c:/msys64/mingw64/bin/../lib/gcc/arm-none-eabi/12.2.0/thumb/v7-m/nofp\libgcc.a(_arm_addsubdf3.o)
 .data          0x00000000        0x0 c:/msys64/mingw64/bin/../lib/gcc/arm-none-eabi/12.2.0/thumb/v7-m/nofp\libgcc.a(_arm_addsubdf3.o)
 .bss           0x00000000        0x0 c:/msys64/mingw64/bin/../lib/gcc/arm-none-eabi/12.2.0/thumb/v7-m/nofp\libgcc.a(_arm_addsubdf3.o)
 .debug_line    0x00000000      0x16f c:/msys64/mingw64/bin/../lib/gcc/arm-none-eabi/12.2.0/thumb/v7-m/nofp\libgcc.a(_arm_addsubdf3.o)
 .debug_line_str
                0x00000000       0xa9 c:/msys64/mingw64/bin/../lib/gcc/arm-none-eabi/12.2.0/thumb/v7-m/nofp\libgcc.a(_arm_addsubdf3.o)
 .debug_info    0x00000000       0xc0 c:/msys64/mingw64/bin/../lib/gcc/arm-none-eabi/12.2.0/thumb/v7-m/nofp\libgcc.a(_arm_addsubdf3.o)
 .debug_abbrev  0x00000000       0x21 c:/msys64/mingw64/bin/../lib/gcc/arm-none-eabi/12.2.0/thumb/v7-m/nofp\libgcc.a(_arm_addsubdf3.o)
 .debug_aranges
                0x00000000       0x20 c:/msys64/mingw64/bin/../lib/gcc/arm-none-eabi/12.2.0/thumb/v7-m/nofp\libgcc.a(_arm_addsubdf3.o)
 .debug_str     0x00000000      0x16f c:/msys64/mingw64/bin/../lib/gcc/arm-none-eabi/12.2.0/thumb/v7-m/nofp\libgcc.a(_arm_addsubdf3.o)
 .debug_frame   0x00000000       0xac c:/msys64/mingw64/bin/../lib/gcc/arm-none-eabi/12.2.0/thumb/v7-m/nofp\libgcc.a(_arm_addsubdf3.o)
 .ARM.attributes
                0x00000000       0x1d c:/msys64/mingw64/bin/../lib/gcc/arm-none-eabi/12.2.0/thumb/v7-m/nofp\libgcc.a(_arm_addsubdf3.o)
 .text          0x00000000      0x424 c:/msys64/mingw64/bin/../lib/gcc/arm-none-eabi/12.2.0/thumb/v7-m/nofp\libgcc.a(_arm_muldivdf3.o)
 .data          0x00000000        0x0 c:/msys64/mingw64/bin/../lib/gcc/arm-none-eabi/12.2.0/thumb/v7-m/nofp\libgcc.a(_arm_muldivdf3.o)
 .bss           0x00000000        0x0 c:/msys64/mingw64/bin/../lib/gcc/arm-none-eabi/12.2.0/thumb/v7-m/nofp\libgcc.a(_arm_muldivdf3.o)
 .debug_line    0x00000000      0x184 c:/msys64/mingw64/bin/../lib/gcc/arm-none-eabi/12.2.0/thumb/v7-m/nofp\libgcc.a(_arm_muldivdf3.o)
 .debug_line_str
                0x00000000       0xa9 c:/msys64/mingw64/bin/../lib/gcc/arm-none-eabi/12.2.0/thumb/v7-m/nofp\libgcc.a(_arm_muldivdf3.o)
 .debug_info    0x00000000       0x52 c:/msys64/mingw64/bin/../lib/gcc/arm-none-eabi/12.2.0/thumb/v7-m/nofp\libgcc.a(_arm_muldivdf3.o)
 .debug_abbrev  0x00000000       0x21 c:/msys64/mingw64/bin/../lib/gcc/arm-none-eabi/12.2.0/thumb/v7-m/nofp\libgcc.a(_arm_muldivdf3.o)
 .debug_aranges
                0x00000000       0x20 c:/msys64/mingw64/bin/../lib/gcc/arm-none-eabi/12.2.0/thumb/v7-m/nofp\libgcc.a(_arm_muldivdf3.o)
 .debug_str     0x00000000       0xe1 c:/msys64/mingw64/bin/../lib/gcc/arm-none-eabi/12.2.0/thumb/v7-m/nofp\libgcc.a(_arm_muldivdf3.o)
 .debug_frame   0x00000000       0x50 c:/msys64/mingw64/bin/../lib/gcc/arm-none-eabi/12.2.0/thumb/v7-m/nofp\libgcc.a(_arm_muldivdf3.o)
 .ARM.attributes
                0x00000000       0x1d c:/msys64/mingw64/bin/../lib/gcc/arm-none-eabi/12.2.0/thumb/v7-m/nofp\libgcc.a(_arm_muldivdf3.o)
 .text          0x00000000       0xa0 c:/msys64/mingw64/bin/../lib/gcc/arm-none-eabi/12.2.0/thumb/v7-m/nofp\libgcc.a(_arm_truncdfsf2.o)
 .data          0x00000000        0x0 c:/msys64/mingw64/bin/../lib/gcc/arm-none-eabi/12.2.0/thumb/v7-m/nofp\libgcc.a(_arm_truncdfsf2.o)
 .bss           0x00000000        0x0 c:/msys64/mingw64/bin/../lib/gcc/arm-none-eabi/12.2.0/thumb/v7-m/nofp\libgcc.a(_arm_truncdfsf2.o)
 .debug_line    0x00000000       0x76 c:/msys64/mingw64/bin/../lib/gcc/arm-none-eabi/12.2.0/thumb/v7-m/nofp\libgcc.a(_arm_truncdfsf2.o)
 .debug_line_str
                0x00000000       0xa9 c:/msys64/mingw64/bin/../lib/gcc/arm-none-eabi/12.2.0/thumb/v7-m/nofp\libgcc.a(_arm_truncdfsf2.o)
 .debug_info    0x00000000       0x3c c:/msys64/mingw64/bin/../lib/gcc/arm-none-eabi/12.2.0/thumb/v7-m/nofp\libgcc.a(_arm_truncdfsf2.o)
 .debug_abbrev  0x00000000       0x21 c:/msys64/mingw64/bin/../lib/gcc/arm-none-eabi/12.2.0/thumb/v7-m/nofp\libgcc.a(_arm_truncdfsf2.o)
 .debug_aranges
                0x00000000       0x20 c:/msys64/mingw64/bin/../lib/gcc/arm-none-eabi/12.2.0/thumb/v7-m/nofp\libgcc.a(_arm_truncdfsf2.o)
 .debug_str     0x00000000       0xce c:/msys64/mingw64/bin/../lib/gcc/arm-none-eabi/12.2.0/thumb/v7-m/nofp\libgcc.a(_arm_truncdfsf2.o)
 .debug_frame   0x00000000       0x24 c:/msys64/mingw64/bin/../lib/gcc/arm-none-eabi/12.2.0/thumb/v7-m/nofp\libgcc.a(_arm_truncdfsf2.o)
 .ARM.attributes
                0x00000000       0x1d c:/msys64/mingw64/bin/../lib/gcc/arm-none-eabi/12.2.0/thumb/v7-m/nofp\libgcc.a(_arm_truncdfsf2.o)
 .data          0x00000000        0x0 c:/msys64/mingw64/bin/../lib/gcc/arm-none-eabi/12.2.0/../../../../arm-none-eabi/lib/thumb/v7-m/nofp\libc.a(libc_a-atexit.o)
 .bss           0x00000000        0x0 c:/msys64/mingw64/bin/../lib/gcc/arm-none-eabi/12.2.0/../../../../arm-none-eabi/lib/thumb/v7-m/nofp\libc.a(libc_a-atexit.o)
 .text          0x00000000       0x1c c:/msys64/mingw64/bin/../lib/gcc/arm-none-eabi/12.2.0/../../../../arm-none-eabi/lib/thumb/v7-m/nofp\libc.a(libc_a-exit.o)
 .data          0x00000000        0x0 c:/msys64/mingw64/bin/../lib/gcc/arm-none-eabi/12.2.0/../../../../arm-none-eabi/lib/thumb/v7-m/nofp\libc.a(libc_a-exit.o)
 .bss           0x00000000        0x0 c:/msys64/mingw64/bin/../lib/gcc/arm-none-eabi/12.2.0/../../../../arm-none-eabi/lib/thumb/v7-m/nofp\libc.a(libc_a-exit.o)
 .debug_info    0x00000000      0x10a c:/msys64/mingw64/bin/../lib/gcc/arm-none-eabi/12.2.0/../../../../arm-none-eabi/lib/thumb/v7-m/nofp\libc.a(libc_a-exit.o)
 .debug_abbrev  0x00000000       0xd5 c:/msys64/mingw64/bin/../lib/gcc/arm-none-eabi/12.2.0/../../../../arm-none-eabi/lib/thumb/v7-m/nofp\libc.a(libc_a-exit.o)
 .debug_loclists
                0x00000000       0x1b c:/msys64/mingw64/bin/../lib/gcc/arm-none-eabi/12.2.0/../../../../arm-none-eabi/lib/thumb/v7-m/nofp\libc.a(libc_a-exit.o)
 .debug_aranges
                0x00000000       0x20 c:/msys64/mingw64/bin/../lib/gcc/arm-none-eabi/12.2.0/../../../../arm-none-eabi/lib/thumb/v7-m/nofp\libc.a(libc_a-exit.o)
 .debug_line    0x00000000      0x134 c:/msys64/mingw64/bin/../lib/gcc/arm-none-eabi/12.2.0/../../../../arm-none-eabi/lib/thumb/v7-m/nofp\libc.a(libc_a-exit.o)
 .debug_str     0x00000000      0x1a0 c:/msys64/mingw64/bin/../lib/gcc/arm-none-eabi/12.2.0/../../../../arm-none-eabi/lib/thumb/v7-m/nofp\libc.a(libc_a-exit.o)
 .comment       0x00000000       0x13 c:/msys64/mingw64/bin/../lib/gcc/arm-none-eabi/12.2.0/../../../../arm-none-eabi/lib/thumb/v7-m/nofp\libc.a(libc_a-exit.o)
 .debug_frame   0x00000000       0x28 c:/msys64/mingw64/bin/../lib/gcc/arm-none-eabi/12.2.0/../../../../arm-none-eabi/lib/thumb/v7-m/nofp\libc.a(libc_a-exit.o)
 .ARM.attributes
                0x00000000       0x2d c:/msys64/mingw64/bin/../lib/gcc/arm-none-eabi/12.2.0/../../../../arm-none-eabi/lib/thumb/v7-m/nofp\libc.a(libc_a-exit.o)
 .text          0x00000000      0x2dc c:/msys64/mingw64/bin/../lib/gcc/arm-none-eabi/12.2.0/../../../../arm-none-eabi/lib/thumb/v7-m/nofp\libc.a(libc_a-findfp.o)
 .data          0x00000000        0xc c:/msys64/mingw64/bin/../lib/gcc/arm-none-eabi/12.2.0/../../../../arm-none-eabi/lib/thumb/v7-m/nofp\libc.a(libc_a-findfp.o)
 .bss           0x00000000      0x13c c:/msys64/mingw64/bin/../lib/gcc/arm-none-eabi/12.2.0/../../../../arm-none-eabi/lib/thumb/v7-m/nofp\libc.a(libc_a-findfp.o)
 .debug_info    0x00000000     0x10da c:/msys64/mingw64/bin/../lib/gcc/arm-none-eabi/12.2.0/../../../../arm-none-eabi/lib/thumb/v7-m/nofp\libc.a(libc_a-findfp.o)
 .debug_abbrev  0x00000000      0x484 c:/msys64/mingw64/bin/../lib/gcc/arm-none-eabi/12.2.0/../../../../arm-none-eabi/lib/thumb/v7-m/nofp\libc.a(libc_a-findfp.o)
 .debug_loclists
                0x00000000      0x264 c:/msys64/mingw64/bin/../lib/gcc/arm-none-eabi/12.2.0/../../../../arm-none-eabi/lib/thumb/v7-m/nofp\libc.a(libc_a-findfp.o)
 .debug_aranges
                0x00000000       0x20 c:/msys64/mingw64/bin/../lib/gcc/arm-none-eabi/12.2.0/../../../../arm-none-eabi/lib/thumb/v7-m/nofp\libc.a(libc_a-findfp.o)
 .debug_rnglists
                0x00000000       0xa4 c:/msys64/mingw64/bin/../lib/gcc/arm-none-eabi/12.2.0/../../../../arm-none-eabi/lib/thumb/v7-m/nofp\libc.a(libc_a-findfp.o)
 .debug_line    0x00000000      0x63a c:/msys64/mingw64/bin/../lib/gcc/arm-none-eabi/12.2.0/../../../../arm-none-eabi/lib/thumb/v7-m/nofp\libc.a(libc_a-findfp.o)
 .debug_str     0x00000000      0x712 c:/msys64/mingw64/bin/../lib/gcc/arm-none-eabi/12.2.0/../../../../arm-none-eabi/lib/thumb/v7-m/nofp\libc.a(libc_a-findfp.o)
 .comment       0x00000000       0x13 c:/msys64/mingw64/bin/../lib/gcc/arm-none-eabi/12.2.0/../../../../arm-none-eabi/lib/thumb/v7-m/nofp\libc.a(libc_a-findfp.o)
 .debug_frame   0x00000000      0x13c c:/msys64/mingw64/bin/../lib/gcc/arm-none-eabi/12.2.0/../../../../arm-none-eabi/lib/thumb/v7-m/nofp\libc.a(libc_a-findfp.o)
 .ARM.attributes
                0x00000000       0x2d c:/msys64/mingw64/bin/../lib/gcc/arm-none-eabi/12.2.0/../../../../arm-none-eabi/lib/thumb/v7-m/nofp\libc.a(libc_a-findfp.o)
 .text          0x00000000       0x44 c:/msys64/mingw64/bin/../lib/gcc/arm-none-eabi/12.2.0/../../../../arm-none-eabi/lib/thumb/v7-m/nofp\libc.a(libc_a-fwalk.o)
 .data          0x00000000        0x0 c:/msys64/mingw64/bin/../lib/gcc/arm-none-eabi/12.2.0/../../../../arm-none-eabi/lib/thumb/v7-m/nofp\libc.a(libc_a-fwalk.o)
 .bss           0x00000000        0x0 c:/msys64/mingw64/bin/../lib/gcc/arm-none-eabi/12.2.0/../../../../arm-none-eabi/lib/thumb/v7-m/nofp\libc.a(libc_a-fwalk.o)
 .debug_info    0x00000000      0x7ee c:/msys64/mingw64/bin/../lib/gcc/arm-none-eabi/12.2.0/../../../../arm-none-eabi/lib/thumb/v7-m/nofp\libc.a(libc_a-fwalk.o)
 .debug_abbrev  0x00000000      0x1d9 c:/msys64/mingw64/bin/../lib/gcc/arm-none-eabi/12.2.0/../../../../arm-none-eabi/lib/thumb/v7-m/nofp\libc.a(libc_a-fwalk.o)
 .debug_loclists
                0x00000000       0x79 c:/msys64/mingw64/bin/../lib/gcc/arm-none-eabi/12.2.0/../../../../arm-none-eabi/lib/thumb/v7-m/nofp\libc.a(libc_a-fwalk.o)
 .debug_aranges
                0x00000000       0x20 c:/msys64/mingw64/bin/../lib/gcc/arm-none-eabi/12.2.0/../../../../arm-none-eabi/lib/thumb/v7-m/nofp\libc.a(libc_a-fwalk.o)
 .debug_line    0x00000000      0x1c8 c:/msys64/mingw64/bin/../lib/gcc/arm-none-eabi/12.2.0/../../../../arm-none-eabi/lib/thumb/v7-m/nofp\libc.a(libc_a-fwalk.o)
 .debug_str     0x00000000      0x49a c:/msys64/mingw64/bin/../lib/gcc/arm-none-eabi/12.2.0/../../../../arm-none-eabi/lib/thumb/v7-m/nofp\libc.a(libc_a-fwalk.o)
 .comment       0x00000000       0x13 c:/msys64/mingw64/bin/../lib/gcc/arm-none-eabi/12.2.0/../../../../arm-none-eabi/lib/thumb/v7-m/nofp\libc.a(libc_a-fwalk.o)
 .debug_frame   0x00000000       0x34 c:/msys64/mingw64/bin/../lib/gcc/arm-none-eabi/12.2.0/../../../../arm-none-eabi/lib/thumb/v7-m/nofp\libc.a(libc_a-fwalk.o)
 .ARM.attributes
                0x00000000       0x2d c:/msys64/mingw64/bin/../lib/gcc/arm-none-eabi/12.2.0/../../../../arm-none-eabi/lib/thumb/v7-m/nofp\libc.a(libc_a-fwalk.o)
 .text          0x00000000       0x94 c:/msys64/mingw64/bin/../lib/gcc/arm-none-eabi/12.2.0/../../../../arm-none-eabi/lib/thumb/v7-m/nofp\libc.a(libc_a-stdio.o)
 .data          0x00000000        0x0 c:/msys64/mingw64/bin/../lib/gcc/arm-none-eabi/12.2.0/../../../../arm-none-eabi/lib/thumb/v7-m/nofp\libc.a(libc_a-stdio.o)
 .bss           0x00000000        0x0 c:/msys64/mingw64/bin/../lib/gcc/arm-none-eabi/12.2.0/../../../../arm-none-eabi/lib/thumb/v7-m/nofp\libc.a(libc_a-stdio.o)
 .debug_info    0x00000000      0xa6c c:/msys64/mingw64/bin/../lib/gcc/arm-none-eabi/12.2.0/../../../../arm-none-eabi/lib/thumb/v7-m/nofp\libc.a(libc_a-stdio.o)
 .debug_abbrev  0x00000000      0x260 c:/msys64/mingw64/bin/../lib/gcc/arm-none-eabi/12.2.0/../../../../arm-none-eabi/lib/thumb/v7-m/nofp\libc.a(libc_a-stdio.o)
 .debug_loclists
                0x00000000      0x1e1 c:/msys64/mingw64/bin/../lib/gcc/arm-none-eabi/12.2.0/../../../../arm-none-eabi/lib/thumb/v7-m/nofp\libc.a(libc_a-stdio.o)
 .debug_aranges
                0x00000000       0x20 c:/msys64/mingw64/bin/../lib/gcc/arm-none-eabi/12.2.0/../../../../arm-none-eabi/lib/thumb/v7-m/nofp\libc.a(libc_a-stdio.o)
 .debug_line    0x00000000      0x235 c:/msys64/mingw64/bin/../lib/gcc/arm-none-eabi/12.2.0/../../../../arm-none-eabi/lib/thumb/v7-m/nofp\libc.a(libc_a-stdio.o)
 .debug_str     0x00000000      0x4f7 c:/msys64/mingw64/bin/../lib/gcc/arm-none-eabi/12.2.0/../../../../arm-none-eabi/lib/thumb/v7-m/nofp\libc.a(libc_a-stdio.o)
 .comment       0x00000000       0x13 c:/msys64/mingw64/bin/../lib/gcc/arm-none-eabi/12.2.0/../../../../arm-none-eabi/lib/thumb/v7-m/nofp\libc.a(libc_a-stdio.o)
 .debug_frame   0x00000000       0x8c c:/msys64/mingw64/bin/../lib/gcc/arm-none-eabi/12.2.0/../../../../arm-none-eabi/lib/thumb/v7-m/nofp\libc.a(libc_a-stdio.o)
 .ARM.attributes
                0x00000000       0x2d c:/msys64/mingw64/bin/../lib/gcc/arm-none-eabi/12.2.0/../../../../arm-none-eabi/lib/thumb/v7-m/nofp\libc.a(libc_a-stdio.o)
 .data          0x00000000        0x0 c:/msys64/mingw64/bin/../lib/gcc/arm-none-eabi/12.2.0/../../../../arm-none-eabi/lib/thumb/v7-m/nofp\libc.a(libc_a-memset.o)
 .bss           0x00000000        0x0 c:/msys64/mingw64/bin/../lib/gcc/arm-none-eabi/12.2.0/../../../../arm-none-eabi/lib/thumb/v7-m/nofp\libc.a(libc_a-memset.o)
 .text          0x00000000       0x24 c:/msys64/mingw64/bin/../lib/gcc/arm-none-eabi/12.2.0/../../../../arm-none-eabi/lib/thumb/v7-m/nofp\libc.a(libc_a-closer.o)
 .data          0x00000000        0x0 c:/msys64/mingw64/bin/../lib/gcc/arm-none-eabi/12.2.0/../../../../arm-none-eabi/lib/thumb/v7-m/nofp\libc.a(libc_a-closer.o)
 .bss           0x00000000        0x0 c:/msys64/mingw64/bin/../lib/gcc/arm-none-eabi/12.2.0/../../../../arm-none-eabi/lib/thumb/v7-m/nofp\libc.a(libc_a-closer.o)
 .debug_info    0x00000000      0x774 c:/msys64/mingw64/bin/../lib/gcc/arm-none-eabi/12.2.0/../../../../arm-none-eabi/lib/thumb/v7-m/nofp\libc.a(libc_a-closer.o)
 .debug_abbrev  0x00000000      0x1ec c:/msys64/mingw64/bin/../lib/gcc/arm-none-eabi/12.2.0/../../../../arm-none-eabi/lib/thumb/v7-m/nofp\libc.a(libc_a-closer.o)
 .debug_loclists
                0x00000000       0x3f c:/msys64/mingw64/bin/../lib/gcc/arm-none-eabi/12.2.0/../../../../arm-none-eabi/lib/thumb/v7-m/nofp\libc.a(libc_a-closer.o)
 .debug_aranges
                0x00000000       0x20 c:/msys64/mingw64/bin/../lib/gcc/arm-none-eabi/12.2.0/../../../../arm-none-eabi/lib/thumb/v7-m/nofp\libc.a(libc_a-closer.o)
 .debug_line    0x00000000      0x19c c:/msys64/mingw64/bin/../lib/gcc/arm-none-eabi/12.2.0/../../../../arm-none-eabi/lib/thumb/v7-m/nofp\libc.a(libc_a-closer.o)
 .debug_str     0x00000000      0x480 c:/msys64/mingw64/bin/../lib/gcc/arm-none-eabi/12.2.0/../../../../arm-none-eabi/lib/thumb/v7-m/nofp\libc.a(libc_a-closer.o)
 .comment       0x00000000       0x13 c:/msys64/mingw64/bin/../lib/gcc/arm-none-eabi/12.2.0/../../../../arm-none-eabi/lib/thumb/v7-m/nofp\libc.a(libc_a-closer.o)
 .debug_frame   0x00000000       0x2c c:/msys64/mingw64/bin/../lib/gcc/arm-none-eabi/12.2.0/../../../../arm-none-eabi/lib/thumb/v7-m/nofp\libc.a(libc_a-closer.o)
 .ARM.attributes
                0x00000000       0x2d c:/msys64/mingw64/bin/../lib/gcc/arm-none-eabi/12.2.0/../../../../arm-none-eabi/lib/thumb/v7-m/nofp\libc.a(libc_a-closer.o)
 .text          0x00000000       0x6c c:/msys64/mingw64/bin/../lib/gcc/arm-none-eabi/12.2.0/../../../../arm-none-eabi/lib/thumb/v7-m/nofp\libc.a(libc_a-reent.o)
 .data          0x00000000        0x0 c:/msys64/mingw64/bin/../lib/gcc/arm-none-eabi/12.2.0/../../../../arm-none-eabi/lib/thumb/v7-m/nofp\libc.a(libc_a-reent.o)
 .bss           0x00000000        0x4 c:/msys64/mingw64/bin/../lib/gcc/arm-none-eabi/12.2.0/../../../../arm-none-eabi/lib/thumb/v7-m/nofp\libc.a(libc_a-reent.o)
 .debug_info    0x00000000      0x835 c:/msys64/mingw64/bin/../lib/gcc/arm-none-eabi/12.2.0/../../../../arm-none-eabi/lib/thumb/v7-m/nofp\libc.a(libc_a-reent.o)
 .debug_abbrev  0x00000000      0x22a c:/msys64/mingw64/bin/../lib/gcc/arm-none-eabi/12.2.0/../../../../arm-none-eabi/lib/thumb/v7-m/nofp\libc.a(libc_a-reent.o)
 .debug_loclists
                0x00000000       0x68 c:/msys64/mingw64/bin/../lib/gcc/arm-none-eabi/12.2.0/../../../../arm-none-eabi/lib/thumb/v7-m/nofp\libc.a(libc_a-reent.o)
 .debug_aranges
                0x00000000       0x20 c:/msys64/mingw64/bin/../lib/gcc/arm-none-eabi/12.2.0/../../../../arm-none-eabi/lib/thumb/v7-m/nofp\libc.a(libc_a-reent.o)
 .debug_line    0x00000000      0x1fa c:/msys64/mingw64/bin/../lib/gcc/arm-none-eabi/12.2.0/../../../../arm-none-eabi/lib/thumb/v7-m/nofp\libc.a(libc_a-reent.o)
 .debug_str     0x00000000      0x4a9 c:/msys64/mingw64/bin/../lib/gcc/arm-none-eabi/12.2.0/../../../../arm-none-eabi/lib/thumb/v7-m/nofp\libc.a(libc_a-reent.o)
 .comment       0x00000000       0x13 c:/msys64/mingw64/bin/../lib/gcc/arm-none-eabi/12.2.0/../../../../arm-none-eabi/lib/thumb/v7-m/nofp\libc.a(libc_a-reent.o)
 .debug_frame   0x00000000       0x3c c:/msys64/mingw64/bin/../lib/gcc/arm-none-eabi/12.2.0/../../../../arm-none-eabi/lib/thumb/v7-m/nofp\libc.a(libc_a-reent.o)
 .ARM.attributes
                0x00000000       0x2d c:/msys64/mingw64/bin/../lib/gcc/arm-none-eabi/12.2.0/../../../../arm-none-eabi/lib/thumb/v7-m/nofp\libc.a(libc_a-reent.o)
 .text          0x00000000        0x0 c:/msys64/mingw64/bin/../lib/gcc/arm-none-eabi/12.2.0/../../../../arm-none-eabi/lib/thumb/v7-m/nofp\libc.a(libc_a-impure.o)
 .data          0x00000000      0x128 c:/msys64/mingw64/bin/../lib/gcc/arm-none-eabi/12.2.0/../../../../arm-none-eabi/lib/thumb/v7-m/nofp\libc.a(libc_a-impure.o)
 .bss           0x00000000        0x0 c:/msys64/mingw64/bin/../lib/gcc/arm-none-eabi/12.2.0/../../../../arm-none-eabi/lib/thumb/v7-m/nofp\libc.a(libc_a-impure.o)
 .debug_info    0x00000000      0x733 c:/msys64/mingw64/bin/../lib/gcc/arm-none-eabi/12.2.0/../../../../arm-none-eabi/lib/thumb/v7-m/nofp\libc.a(libc_a-impure.o)
 .debug_abbrev  0x00000000      0x185 c:/msys64/mingw64/bin/../lib/gcc/arm-none-eabi/12.2.0/../../../../arm-none-eabi/lib/thumb/v7-m/nofp\libc.a(libc_a-impure.o)
 .debug_aranges
                0x00000000       0x18 c:/msys64/mingw64/bin/../lib/gcc/arm-none-eabi/12.2.0/../../../../arm-none-eabi/lib/thumb/v7-m/nofp\libc.a(libc_a-impure.o)
 .debug_line    0x00000000       0xfb c:/msys64/mingw64/bin/../lib/gcc/arm-none-eabi/12.2.0/../../../../arm-none-eabi/lib/thumb/v7-m/nofp\libc.a(libc_a-impure.o)
 .debug_str     0x00000000      0x48f c:/msys64/mingw64/bin/../lib/gcc/arm-none-eabi/12.2.0/../../../../arm-none-eabi/lib/thumb/v7-m/nofp\libc.a(libc_a-impure.o)
 .comment       0x00000000       0x13 c:/msys64/mingw64/bin/../lib/gcc/arm-none-eabi/12.2.0/../../../../arm-none-eabi/lib/thumb/v7-m/nofp\libc.a(libc_a-impure.o)
 .ARM.attributes
                0x00000000       0x2d c:/msys64/mingw64/bin/../lib/gcc/arm-none-eabi/12.2.0/../../../../arm-none-eabi/lib/thumb/v7-m/nofp\libc.a(libc_a-impure.o)
 .text          0x00000000       0x2c c:/msys64/mingw64/bin/../lib/gcc/arm-none-eabi/12.2.0/../../../../arm-none-eabi/lib/thumb/v7-m/nofp\libc.a(libc_a-lseekr.o)
 .data          0x00000000        0x0 c:/msys64/mingw64/bin/../lib/gcc/arm-none-eabi/12.2.0/../../../../arm-none-eabi/lib/thumb/v7-m/nofp\libc.a(libc_a-lseekr.o)
 .bss           0x00000000        0x0 c:/msys64/mingw64/bin/../lib/gcc/arm-none-eabi/12.2.0/../../../../arm-none-eabi/lib/thumb/v7-m/nofp\libc.a(libc_a-lseekr.o)
 .debug_info    0x00000000      0x7b4 c:/msys64/mingw64/bin/../lib/gcc/arm-none-eabi/12.2.0/../../../../arm-none-eabi/lib/thumb/v7-m/nofp\libc.a(libc_a-lseekr.o)
 .debug_abbrev  0x00000000      0x200 c:/msys64/mingw64/bin/../lib/gcc/arm-none-eabi/12.2.0/../../../../arm-none-eabi/lib/thumb/v7-m/nofp\libc.a(libc_a-lseekr.o)
 .debug_loclists
                0x00000000       0x7f c:/msys64/mingw64/bin/../lib/gcc/arm-none-eabi/12.2.0/../../../../arm-none-eabi/lib/thumb/v7-m/nofp\libc.a(libc_a-lseekr.o)
 .debug_aranges
                0x00000000       0x20 c:/msys64/mingw64/bin/../lib/gcc/arm-none-eabi/12.2.0/../../../../arm-none-eabi/lib/thumb/v7-m/nofp\libc.a(libc_a-lseekr.o)
 .debug_line    0x00000000      0x1a3 c:/msys64/mingw64/bin/../lib/gcc/arm-none-eabi/12.2.0/../../../../arm-none-eabi/lib/thumb/v7-m/nofp\libc.a(libc_a-lseekr.o)
 .debug_str     0x00000000      0x48e c:/msys64/mingw64/bin/../lib/gcc/arm-none-eabi/12.2.0/../../../../arm-none-eabi/lib/thumb/v7-m/nofp\libc.a(libc_a-lseekr.o)
 .comment       0x00000000       0x13 c:/msys64/mingw64/bin/../lib/gcc/arm-none-eabi/12.2.0/../../../../arm-none-eabi/lib/thumb/v7-m/nofp\libc.a(libc_a-lseekr.o)
 .debug_frame   0x00000000       0x2c c:/msys64/mingw64/bin/../lib/gcc/arm-none-eabi/12.2.0/../../../../arm-none-eabi/lib/thumb/v7-m/nofp\libc.a(libc_a-lseekr.o)
 .ARM.attributes
                0x00000000       0x2d c:/msys64/mingw64/bin/../lib/gcc/arm-none-eabi/12.2.0/../../../../arm-none-eabi/lib/thumb/v7-m/nofp\libc.a(libc_a-lseekr.o)
 .text          0x00000000       0x2c c:/msys64/mingw64/bin/../lib/gcc/arm-none-eabi/12.2.0/../../../../arm-none-eabi/lib/thumb/v7-m/nofp\libc.a(libc_a-readr.o)
 .data          0x00000000        0x0 c:/msys64/mingw64/bin/../lib/gcc/arm-none-eabi/12.2.0/../../../../arm-none-eabi/lib/thumb/v7-m/nofp\libc.a(libc_a-readr.o)
 .bss           0x00000000        0x0 c:/msys64/mingw64/bin/../lib/gcc/arm-none-eabi/12.2.0/../../../../arm-none-eabi/lib/thumb/v7-m/nofp\libc.a(libc_a-readr.o)
 .debug_info    0x00000000      0x7cb c:/msys64/mingw64/bin/../lib/gcc/arm-none-eabi/12.2.0/../../../../arm-none-eabi/lib/thumb/v7-m/nofp\libc.a(libc_a-readr.o)
 .debug_abbrev  0x00000000      0x1ec c:/msys64/mingw64/bin/../lib/gcc/arm-none-eabi/12.2.0/../../../../arm-none-eabi/lib/thumb/v7-m/nofp\libc.a(libc_a-readr.o)
 .debug_loclists
                0x00000000       0x7f c:/msys64/mingw64/bin/../lib/gcc/arm-none-eabi/12.2.0/../../../../arm-none-eabi/lib/thumb/v7-m/nofp\libc.a(libc_a-readr.o)
 .debug_aranges
                0x00000000       0x20 c:/msys64/mingw64/bin/../lib/gcc/arm-none-eabi/12.2.0/../../../../arm-none-eabi/lib/thumb/v7-m/nofp\libc.a(libc_a-readr.o)
 .debug_line    0x00000000      0x1a2 c:/msys64/mingw64/bin/../lib/gcc/arm-none-eabi/12.2.0/../../../../arm-none-eabi/lib/thumb/v7-m/nofp\libc.a(libc_a-readr.o)
 .debug_str     0x00000000      0x48e c:/msys64/mingw64/bin/../lib/gcc/arm-none-eabi/12.2.0/../../../../arm-none-eabi/lib/thumb/v7-m/nofp\libc.a(libc_a-readr.o)
 .comment       0x00000000       0x13 c:/msys64/mingw64/bin/../lib/gcc/arm-none-eabi/12.2.0/../../../../arm-none-eabi/lib/thumb/v7-m/nofp\libc.a(libc_a-readr.o)
 .debug_frame   0x00000000       0x2c c:/msys64/mingw64/bin/../lib/gcc/arm-none-eabi/12.2.0/../../../../arm-none-eabi/lib/thumb/v7-m/nofp\libc.a(libc_a-readr.o)
 .ARM.attributes
                0x00000000       0x2d c:/msys64/mingw64/bin/../lib/gcc/arm-none-eabi/12.2.0/../../../../arm-none-eabi/lib/thumb/v7-m/nofp\libc.a(libc_a-readr.o)
 .text          0x00000000       0x2c c:/msys64/mingw64/bin/../lib/gcc/arm-none-eabi/12.2.0/../../../../arm-none-eabi/lib/thumb/v7-m/nofp\libc.a(libc_a-writer.o)
 .data          0x00000000        0x0 c:/msys64/mingw64/bin/../lib/gcc/arm-none-eabi/12.2.0/../../../../arm-none-eabi/lib/thumb/v7-m/nofp\libc.a(libc_a-writer.o)
 .bss           0x00000000        0x0 c:/msys64/mingw64/bin/../lib/gcc/arm-none-eabi/12.2.0/../../../../arm-none-eabi/lib/thumb/v7-m/nofp\libc.a(libc_a-writer.o)
 .debug_info    0x00000000      0x7d1 c:/msys64/mingw64/bin/../lib/gcc/arm-none-eabi/12.2.0/../../../../arm-none-eabi/lib/thumb/v7-m/nofp\libc.a(libc_a-writer.o)
 .debug_abbrev  0x00000000      0x1f1 c:/msys64/mingw64/bin/../lib/gcc/arm-none-eabi/12.2.0/../../../../arm-none-eabi/lib/thumb/v7-m/nofp\libc.a(libc_a-writer.o)
 .debug_loclists
                0x00000000       0x7f c:/msys64/mingw64/bin/../lib/gcc/arm-none-eabi/12.2.0/../../../../arm-none-eabi/lib/thumb/v7-m/nofp\libc.a(libc_a-writer.o)
 .debug_aranges
                0x00000000       0x20 c:/msys64/mingw64/bin/../lib/gcc/arm-none-eabi/12.2.0/../../../../arm-none-eabi/lib/thumb/v7-m/nofp\libc.a(libc_a-writer.o)
 .debug_line    0x00000000      0x1a3 c:/msys64/mingw64/bin/../lib/gcc/arm-none-eabi/12.2.0/../../../../arm-none-eabi/lib/thumb/v7-m/nofp\libc.a(libc_a-writer.o)
 .debug_str     0x00000000      0x490 c:/msys64/mingw64/bin/../lib/gcc/arm-none-eabi/12.2.0/../../../../arm-none-eabi/lib/thumb/v7-m/nofp\libc.a(libc_a-writer.o)
 .comment       0x00000000       0x13 c:/msys64/mingw64/bin/../lib/gcc/arm-none-eabi/12.2.0/../../../../arm-none-eabi/lib/thumb/v7-m/nofp\libc.a(libc_a-writer.o)
 .debug_frame   0x00000000       0x2c c:/msys64/mingw64/bin/../lib/gcc/arm-none-eabi/12.2.0/../../../../arm-none-eabi/lib/thumb/v7-m/nofp\libc.a(libc_a-writer.o)
 .ARM.attributes
                0x00000000       0x2d c:/msys64/mingw64/bin/../lib/gcc/arm-none-eabi/12.2.0/../../../../arm-none-eabi/lib/thumb/v7-m/nofp\libc.a(libc_a-writer.o)
 .data          0x00000000        0x0 c:/msys64/mingw64/bin/../lib/gcc/arm-none-eabi/12.2.0/../../../../arm-none-eabi/lib/thumb/v7-m/nofp\libc.a(libc_a-init.o)
 .bss           0x00000000        0x0 c:/msys64/mingw64/bin/../lib/gcc/arm-none-eabi/12.2.0/../../../../arm-none-eabi/lib/thumb/v7-m/nofp\libc.a(libc_a-init.o)
 .data          0x00000000        0x0 c:/msys64/mingw64/bin/../lib/gcc/arm-none-eabi/12.2.0/../../../../arm-none-eabi/lib/thumb/v7-m/nofp\libc.a(libc_a-fini.o)
 .bss           0x00000000        0x0 c:/msys64/mingw64/bin/../lib/gcc/arm-none-eabi/12.2.0/../../../../arm-none-eabi/lib/thumb/v7-m/nofp\libc.a(libc_a-fini.o)
 .data          0x00000000        0x0 c:/msys64/mingw64/bin/../lib/gcc/arm-none-eabi/12.2.0/../../../../arm-none-eabi/lib/thumb/v7-m/nofp\libc.a(libc_a-lock.o)
 .data          0x00000000        0x0 c:/msys64/mingw64/bin/../lib/gcc/arm-none-eabi/12.2.0/../../../../arm-none-eabi/lib/thumb/v7-m/nofp\libc.a(libc_a-memcpy.o)
 .bss           0x00000000        0x0 c:/msys64/mingw64/bin/../lib/gcc/arm-none-eabi/12.2.0/../../../../arm-none-eabi/lib/thumb/v7-m/nofp\libc.a(libc_a-memcpy.o)
 .ARM.extab     0x00000000        0x0 c:/msys64/mingw64/bin/../lib/gcc/arm-none-eabi/12.2.0/../../../../arm-none-eabi/lib/thumb/v7-m/nofp\libc.a(libc_a-memcpy.o)
 .eh_frame      0x00000000       0x2c c:/msys64/mingw64/bin/../lib/gcc/arm-none-eabi/12.2.0/../../../../arm-none-eabi/lib/thumb/v7-m/nofp\libc.a(libc_a-memcpy.o)
 .data          0x00000000        0x0 c:/msys64/mingw64/bin/../lib/gcc/arm-none-eabi/12.2.0/../../../../arm-none-eabi/lib/thumb/v7-m/nofp\libc.a(libc_a-__atexit.o)
 .text          0x00000000       0xb4 c:/msys64/mingw64/bin/../lib/gcc/arm-none-eabi/12.2.0/../../../../arm-none-eabi/lib/thumb/v7-m/nofp\libc.a(libc_a-__call_atexit.o)
 .text          0x00000000      0x2b4 c:/msys64/mingw64/bin/../lib/gcc/arm-none-eabi/12.2.0/../../../../arm-none-eabi/lib/thumb/v7-m/nofp\libc.a(libc_a-freer.o)
 .data          0x00000000        0x0 c:/msys64/mingw64/bin/../lib/gcc/arm-none-eabi/12.2.0/../../../../arm-none-eabi/lib/thumb/v7-m/nofp\libc.a(libc_a-freer.o)
 .bss           0x00000000        0x0 c:/msys64/mingw64/bin/../lib/gcc/arm-none-eabi/12.2.0/../../../../arm-none-eabi/lib/thumb/v7-m/nofp\libc.a(libc_a-freer.o)
 .debug_info    0x00000000      0xb53 c:/msys64/mingw64/bin/../lib/gcc/arm-none-eabi/12.2.0/../../../../arm-none-eabi/lib/thumb/v7-m/nofp\libc.a(libc_a-freer.o)
 .debug_abbrev  0x00000000      0x27f c:/msys64/mingw64/bin/../lib/gcc/arm-none-eabi/12.2.0/../../../../arm-none-eabi/lib/thumb/v7-m/nofp\libc.a(libc_a-freer.o)
 .debug_loclists
                0x00000000      0x428 c:/msys64/mingw64/bin/../lib/gcc/arm-none-eabi/12.2.0/../../../../arm-none-eabi/lib/thumb/v7-m/nofp\libc.a(libc_a-freer.o)
 .debug_aranges
                0x00000000       0x20 c:/msys64/mingw64/bin/../lib/gcc/arm-none-eabi/12.2.0/../../../../arm-none-eabi/lib/thumb/v7-m/nofp\libc.a(libc_a-freer.o)
 .debug_line    0x00000000      0x536 c:/msys64/mingw64/bin/../lib/gcc/arm-none-eabi/12.2.0/../../../../arm-none-eabi/lib/thumb/v7-m/nofp\libc.a(libc_a-freer.o)
 .debug_str     0x00000000      0x5fa c:/msys64/mingw64/bin/../lib/gcc/arm-none-eabi/12.2.0/../../../../arm-none-eabi/lib/thumb/v7-m/nofp\libc.a(libc_a-freer.o)
 .comment       0x00000000       0x13 c:/msys64/mingw64/bin/../lib/gcc/arm-none-eabi/12.2.0/../../../../arm-none-eabi/lib/thumb/v7-m/nofp\libc.a(libc_a-freer.o)
 .debug_frame   0x00000000       0x78 c:/msys64/mingw64/bin/../lib/gcc/arm-none-eabi/12.2.0/../../../../arm-none-eabi/lib/thumb/v7-m/nofp\libc.a(libc_a-freer.o)
 .ARM.attributes
                0x00000000       0x2d c:/msys64/mingw64/bin/../lib/gcc/arm-none-eabi/12.2.0/../../../../arm-none-eabi/lib/thumb/v7-m/nofp\libc.a(libc_a-freer.o)
 .text          0x00000000      0x574 c:/msys64/mingw64/bin/../lib/gcc/arm-none-eabi/12.2.0/../../../../arm-none-eabi/lib/thumb/v7-m/nofp\libc.a(libc_a-mallocr.o)
 .data          0x00000000      0x410 c:/msys64/mingw64/bin/../lib/gcc/arm-none-eabi/12.2.0/../../../../arm-none-eabi/lib/thumb/v7-m/nofp\libc.a(libc_a-mallocr.o)
 .bss           0x00000000       0x34 c:/msys64/mingw64/bin/../lib/gcc/arm-none-eabi/12.2.0/../../../../arm-none-eabi/lib/thumb/v7-m/nofp\libc.a(libc_a-mallocr.o)
 .debug_info    0x00000000      0xcfc c:/msys64/mingw64/bin/../lib/gcc/arm-none-eabi/12.2.0/../../../../arm-none-eabi/lib/thumb/v7-m/nofp\libc.a(libc_a-mallocr.o)
 .debug_abbrev  0x00000000      0x2d7 c:/msys64/mingw64/bin/../lib/gcc/arm-none-eabi/12.2.0/../../../../arm-none-eabi/lib/thumb/v7-m/nofp\libc.a(libc_a-mallocr.o)
 .debug_loclists
                0x00000000      0x9a7 c:/msys64/mingw64/bin/../lib/gcc/arm-none-eabi/12.2.0/../../../../arm-none-eabi/lib/thumb/v7-m/nofp\libc.a(libc_a-mallocr.o)
 .debug_aranges
                0x00000000       0x20 c:/msys64/mingw64/bin/../lib/gcc/arm-none-eabi/12.2.0/../../../../arm-none-eabi/lib/thumb/v7-m/nofp\libc.a(libc_a-mallocr.o)
 .debug_rnglists
                0x00000000       0x30 c:/msys64/mingw64/bin/../lib/gcc/arm-none-eabi/12.2.0/../../../../arm-none-eabi/lib/thumb/v7-m/nofp\libc.a(libc_a-mallocr.o)
 .debug_line    0x00000000      0x8d7 c:/msys64/mingw64/bin/../lib/gcc/arm-none-eabi/12.2.0/../../../../arm-none-eabi/lib/thumb/v7-m/nofp\libc.a(libc_a-mallocr.o)
 .debug_str     0x00000000      0x6b2 c:/msys64/mingw64/bin/../lib/gcc/arm-none-eabi/12.2.0/../../../../arm-none-eabi/lib/thumb/v7-m/nofp\libc.a(libc_a-mallocr.o)
 .comment       0x00000000       0x13 c:/msys64/mingw64/bin/../lib/gcc/arm-none-eabi/12.2.0/../../../../arm-none-eabi/lib/thumb/v7-m/nofp\libc.a(libc_a-mallocr.o)
 .debug_frame   0x00000000       0x4c c:/msys64/mingw64/bin/../lib/gcc/arm-none-eabi/12.2.0/../../../../arm-none-eabi/lib/thumb/v7-m/nofp\libc.a(libc_a-mallocr.o)
 .ARM.attributes
                0x00000000       0x2d c:/msys64/mingw64/bin/../lib/gcc/arm-none-eabi/12.2.0/../../../../arm-none-eabi/lib/thumb/v7-m/nofp\libc.a(libc_a-mallocr.o)
 .text          0x00000000       0x18 c:/msys64/mingw64/bin/../lib/gcc/arm-none-eabi/12.2.0/../../../../arm-none-eabi/lib/thumb/v7-m/nofp\libc.a(libc_a-mlock.o)
 .data          0x00000000        0x0 c:/msys64/mingw64/bin/../lib/gcc/arm-none-eabi/12.2.0/../../../../arm-none-eabi/lib/thumb/v7-m/nofp\libc.a(libc_a-mlock.o)
 .bss           0x00000000        0x0 c:/msys64/mingw64/bin/../lib/gcc/arm-none-eabi/12.2.0/../../../../arm-none-eabi/lib/thumb/v7-m/nofp\libc.a(libc_a-mlock.o)
 .debug_info    0x00000000      0x789 c:/msys64/mingw64/bin/../lib/gcc/arm-none-eabi/12.2.0/../../../../arm-none-eabi/lib/thumb/v7-m/nofp\libc.a(libc_a-mlock.o)
 .debug_abbrev  0x00000000      0x1fb c:/msys64/mingw64/bin/../lib/gcc/arm-none-eabi/12.2.0/../../../../arm-none-eabi/lib/thumb/v7-m/nofp\libc.a(libc_a-mlock.o)
 .debug_loclists
                0x00000000       0x30 c:/msys64/mingw64/bin/../lib/gcc/arm-none-eabi/12.2.0/../../../../arm-none-eabi/lib/thumb/v7-m/nofp\libc.a(libc_a-mlock.o)
 .debug_aranges
                0x00000000       0x20 c:/msys64/mingw64/bin/../lib/gcc/arm-none-eabi/12.2.0/../../../../arm-none-eabi/lib/thumb/v7-m/nofp\libc.a(libc_a-mlock.o)
 .debug_line    0x00000000      0x162 c:/msys64/mingw64/bin/../lib/gcc/arm-none-eabi/12.2.0/../../../../arm-none-eabi/lib/thumb/v7-m/nofp\libc.a(libc_a-mlock.o)
 .debug_str     0x00000000      0x50c c:/msys64/mingw64/bin/../lib/gcc/arm-none-eabi/12.2.0/../../../../arm-none-eabi/lib/thumb/v7-m/nofp\libc.a(libc_a-mlock.o)
 .comment       0x00000000       0x13 c:/msys64/mingw64/bin/../lib/gcc/arm-none-eabi/12.2.0/../../../../arm-none-eabi/lib/thumb/v7-m/nofp\libc.a(libc_a-mlock.o)
 .debug_frame   0x00000000       0x30 c:/msys64/mingw64/bin/../lib/gcc/arm-none-eabi/12.2.0/../../../../arm-none-eabi/lib/thumb/v7-m/nofp\libc.a(libc_a-mlock.o)
 .ARM.attributes
                0x00000000       0x2d c:/msys64/mingw64/bin/../lib/gcc/arm-none-eabi/12.2.0/../../../../arm-none-eabi/lib/thumb/v7-m/nofp\libc.a(libc_a-mlock.o)
 .text          0x00000000       0xd0 c:/msys64/mingw64/bin/../lib/gcc/arm-none-eabi/12.2.0/../../../../arm-none-eabi/lib/thumb/v7-m/nofp\libc.a(libc_a-fclose.o)
 .data          0x00000000        0x0 c:/msys64/mingw64/bin/../lib/gcc/arm-none-eabi/12.2.0/../../../../arm-none-eabi/lib/thumb/v7-m/nofp\libc.a(libc_a-fclose.o)
 .bss           0x00000000        0x0 c:/msys64/mingw64/bin/../lib/gcc/arm-none-eabi/12.2.0/../../../../arm-none-eabi/lib/thumb/v7-m/nofp\libc.a(libc_a-fclose.o)
 .debug_info    0x00000000      0x8e5 c:/msys64/mingw64/bin/../lib/gcc/arm-none-eabi/12.2.0/../../../../arm-none-eabi/lib/thumb/v7-m/nofp\libc.a(libc_a-fclose.o)
 .debug_abbrev  0x00000000      0x2a2 c:/msys64/mingw64/bin/../lib/gcc/arm-none-eabi/12.2.0/../../../../arm-none-eabi/lib/thumb/v7-m/nofp\libc.a(libc_a-fclose.o)
 .debug_loclists
                0x00000000       0xc2 c:/msys64/mingw64/bin/../lib/gcc/arm-none-eabi/12.2.0/../../../../arm-none-eabi/lib/thumb/v7-m/nofp\libc.a(libc_a-fclose.o)
 .debug_aranges
                0x00000000       0x20 c:/msys64/mingw64/bin/../lib/gcc/arm-none-eabi/12.2.0/../../../../arm-none-eabi/lib/thumb/v7-m/nofp\libc.a(libc_a-fclose.o)
 .debug_rnglists
                0x00000000       0x15 c:/msys64/mingw64/bin/../lib/gcc/arm-none-eabi/12.2.0/../../../../arm-none-eabi/lib/thumb/v7-m/nofp\libc.a(libc_a-fclose.o)
 .debug_line    0x00000000      0x2c5 c:/msys64/mingw64/bin/../lib/gcc/arm-none-eabi/12.2.0/../../../../arm-none-eabi/lib/thumb/v7-m/nofp\libc.a(libc_a-fclose.o)
 .debug_str     0x00000000      0x54d c:/msys64/mingw64/bin/../lib/gcc/arm-none-eabi/12.2.0/../../../../arm-none-eabi/lib/thumb/v7-m/nofp\libc.a(libc_a-fclose.o)
 .comment       0x00000000       0x13 c:/msys64/mingw64/bin/../lib/gcc/arm-none-eabi/12.2.0/../../../../arm-none-eabi/lib/thumb/v7-m/nofp\libc.a(libc_a-fclose.o)
 .debug_frame   0x00000000       0x3c c:/msys64/mingw64/bin/../lib/gcc/arm-none-eabi/12.2.0/../../../../arm-none-eabi/lib/thumb/v7-m/nofp\libc.a(libc_a-fclose.o)
 .ARM.attributes
                0x00000000       0x2d c:/msys64/mingw64/bin/../lib/gcc/arm-none-eabi/12.2.0/../../../../arm-none-eabi/lib/thumb/v7-m/nofp\libc.a(libc_a-fclose.o)
 .text          0x00000000      0x1f0 c:/msys64/mingw64/bin/../lib/gcc/arm-none-eabi/12.2.0/../../../../arm-none-eabi/lib/thumb/v7-m/nofp\libc.a(libc_a-fflush.o)
 .data          0x00000000        0x0 c:/msys64/mingw64/bin/../lib/gcc/arm-none-eabi/12.2.0/../../../../arm-none-eabi/lib/thumb/v7-m/nofp\libc.a(libc_a-fflush.o)
 .bss           0x00000000        0x0 c:/msys64/mingw64/bin/../lib/gcc/arm-none-eabi/12.2.0/../../../../arm-none-eabi/lib/thumb/v7-m/nofp\libc.a(libc_a-fflush.o)
 .debug_info    0x00000000      0xab4 c:/msys64/mingw64/bin/../lib/gcc/arm-none-eabi/12.2.0/../../../../arm-none-eabi/lib/thumb/v7-m/nofp\libc.a(libc_a-fflush.o)
 .debug_abbrev  0x00000000      0x323 c:/msys64/mingw64/bin/../lib/gcc/arm-none-eabi/12.2.0/../../../../arm-none-eabi/lib/thumb/v7-m/nofp\libc.a(libc_a-fflush.o)
 .debug_loclists
                0x00000000      0x297 c:/msys64/mingw64/bin/../lib/gcc/arm-none-eabi/12.2.0/../../../../arm-none-eabi/lib/thumb/v7-m/nofp\libc.a(libc_a-fflush.o)
 .debug_aranges
                0x00000000       0x20 c:/msys64/mingw64/bin/../lib/gcc/arm-none-eabi/12.2.0/../../../../arm-none-eabi/lib/thumb/v7-m/nofp\libc.a(libc_a-fflush.o)
 .debug_rnglists
                0x00000000       0x59 c:/msys64/mingw64/bin/../lib/gcc/arm-none-eabi/12.2.0/../../../../arm-none-eabi/lib/thumb/v7-m/nofp\libc.a(libc_a-fflush.o)
 .debug_line    0x00000000      0x4ac c:/msys64/mingw64/bin/../lib/gcc/arm-none-eabi/12.2.0/../../../../arm-none-eabi/lib/thumb/v7-m/nofp\libc.a(libc_a-fflush.o)
 .debug_str     0x00000000      0x555 c:/msys64/mingw64/bin/../lib/gcc/arm-none-eabi/12.2.0/../../../../arm-none-eabi/lib/thumb/v7-m/nofp\libc.a(libc_a-fflush.o)
 .comment       0x00000000       0x13 c:/msys64/mingw64/bin/../lib/gcc/arm-none-eabi/12.2.0/../../../../arm-none-eabi/lib/thumb/v7-m/nofp\libc.a(libc_a-fflush.o)
 .debug_frame   0x00000000       0x70 c:/msys64/mingw64/bin/../lib/gcc/arm-none-eabi/12.2.0/../../../../arm-none-eabi/lib/thumb/v7-m/nofp\libc.a(libc_a-fflush.o)
 .ARM.attributes
                0x00000000       0x2d c:/msys64/mingw64/bin/../lib/gcc/arm-none-eabi/12.2.0/../../../../arm-none-eabi/lib/thumb/v7-m/nofp\libc.a(libc_a-fflush.o)
 .text          0x00000000       0x24 c:/msys64/mingw64/bin/../lib/gcc/arm-none-eabi/12.2.0/../../../../arm-none-eabi/lib/thumb/v7-m/nofp\libc.a(libc_a-sbrkr.o)
 .data          0x00000000        0x0 c:/msys64/mingw64/bin/../lib/gcc/arm-none-eabi/12.2.0/../../../../arm-none-eabi/lib/thumb/v7-m/nofp\libc.a(libc_a-sbrkr.o)
 .bss           0x00000000        0x0 c:/msys64/mingw64/bin/../lib/gcc/arm-none-eabi/12.2.0/../../../../arm-none-eabi/lib/thumb/v7-m/nofp\libc.a(libc_a-sbrkr.o)
 .debug_info    0x00000000      0x79a c:/msys64/mingw64/bin/../lib/gcc/arm-none-eabi/12.2.0/../../../../arm-none-eabi/lib/thumb/v7-m/nofp\libc.a(libc_a-sbrkr.o)
 .debug_abbrev  0x00000000      0x216 c:/msys64/mingw64/bin/../lib/gcc/arm-none-eabi/12.2.0/../../../../arm-none-eabi/lib/thumb/v7-m/nofp\libc.a(libc_a-sbrkr.o)
 .debug_loclists
                0x00000000       0x3f c:/msys64/mingw64/bin/../lib/gcc/arm-none-eabi/12.2.0/../../../../arm-none-eabi/lib/thumb/v7-m/nofp\libc.a(libc_a-sbrkr.o)
 .debug_aranges
                0x00000000       0x20 c:/msys64/mingw64/bin/../lib/gcc/arm-none-eabi/12.2.0/../../../../arm-none-eabi/lib/thumb/v7-m/nofp\libc.a(libc_a-sbrkr.o)
 .debug_line    0x00000000      0x19c c:/msys64/mingw64/bin/../lib/gcc/arm-none-eabi/12.2.0/../../../../arm-none-eabi/lib/thumb/v7-m/nofp\libc.a(libc_a-sbrkr.o)
 .debug_str     0x00000000      0x493 c:/msys64/mingw64/bin/../lib/gcc/arm-none-eabi/12.2.0/../../../../arm-none-eabi/lib/thumb/v7-m/nofp\libc.a(libc_a-sbrkr.o)
 .comment       0x00000000       0x13 c:/msys64/mingw64/bin/../lib/gcc/arm-none-eabi/12.2.0/../../../../arm-none-eabi/lib/thumb/v7-m/nofp\libc.a(libc_a-sbrkr.o)
 .debug_frame   0x00000000       0x2c c:/msys64/mingw64/bin/../lib/gcc/arm-none-eabi/12.2.0/../../../../arm-none-eabi/lib/thumb/v7-m/nofp\libc.a(libc_a-sbrkr.o)
 .ARM.attributes
                0x00000000       0x2d c:/msys64/mingw64/bin/../lib/gcc/arm-none-eabi/12.2.0/../../../../arm-none-eabi/lib/thumb/v7-m/nofp\libc.a(libc_a-sbrkr.o)
 .text          0x00000000       0x1c c:/msys64/mingw64/bin/../lib/gcc/arm-none-eabi/12.2.0/../../../../arm-none-eabi/lib/thumb/v7-m/nofp\libc.a(libc_a-sysconf.o)
 .data          0x00000000        0x0 c:/msys64/mingw64/bin/../lib/gcc/arm-none-eabi/12.2.0/../../../../arm-none-eabi/lib/thumb/v7-m/nofp\libc.a(libc_a-sysconf.o)
 .bss           0x00000000        0x0 c:/msys64/mingw64/bin/../lib/gcc/arm-none-eabi/12.2.0/../../../../arm-none-eabi/lib/thumb/v7-m/nofp\libc.a(libc_a-sysconf.o)
 .debug_info    0x00000000       0xc1 c:/msys64/mingw64/bin/../lib/gcc/arm-none-eabi/12.2.0/../../../../arm-none-eabi/lib/thumb/v7-m/nofp\libc.a(libc_a-sysconf.o)
 .debug_abbrev  0x00000000       0x80 c:/msys64/mingw64/bin/../lib/gcc/arm-none-eabi/12.2.0/../../../../arm-none-eabi/lib/thumb/v7-m/nofp\libc.a(libc_a-sysconf.o)
 .debug_loclists
                0x00000000       0x2f c:/msys64/mingw64/bin/../lib/gcc/arm-none-eabi/12.2.0/../../../../arm-none-eabi/lib/thumb/v7-m/nofp\libc.a(libc_a-sysconf.o)
 .debug_aranges
                0x00000000       0x20 c:/msys64/mingw64/bin/../lib/gcc/arm-none-eabi/12.2.0/../../../../arm-none-eabi/lib/thumb/v7-m/nofp\libc.a(libc_a-sysconf.o)
 .debug_line    0x00000000       0xed c:/msys64/mingw64/bin/../lib/gcc/arm-none-eabi/12.2.0/../../../../arm-none-eabi/lib/thumb/v7-m/nofp\libc.a(libc_a-sysconf.o)
 .debug_str     0x00000000      0x183 c:/msys64/mingw64/bin/../lib/gcc/arm-none-eabi/12.2.0/../../../../arm-none-eabi/lib/thumb/v7-m/nofp\libc.a(libc_a-sysconf.o)
 .comment       0x00000000       0x13 c:/msys64/mingw64/bin/../lib/gcc/arm-none-eabi/12.2.0/../../../../arm-none-eabi/lib/thumb/v7-m/nofp\libc.a(libc_a-sysconf.o)
 .debug_frame   0x00000000       0x28 c:/msys64/mingw64/bin/../lib/gcc/arm-none-eabi/12.2.0/../../../../arm-none-eabi/lib/thumb/v7-m/nofp\libc.a(libc_a-sysconf.o)
 .ARM.attributes
                0x00000000       0x2d c:/msys64/mingw64/bin/../lib/gcc/arm-none-eabi/12.2.0/../../../../arm-none-eabi/lib/thumb/v7-m/nofp\libc.a(libc_a-sysconf.o)
 .text          0x00000000        0xc c:/msys64/mingw64/bin/../lib/gcc/arm-none-eabi/12.2.0/../../../../arm-none-eabi/lib/thumb/v7-m/nofp\libc.a(libc_a-errno.o)
 .data          0x00000000        0x0 c:/msys64/mingw64/bin/../lib/gcc/arm-none-eabi/12.2.0/../../../../arm-none-eabi/lib/thumb/v7-m/nofp\libc.a(libc_a-errno.o)
 .bss           0x00000000        0x0 c:/msys64/mingw64/bin/../lib/gcc/arm-none-eabi/12.2.0/../../../../arm-none-eabi/lib/thumb/v7-m/nofp\libc.a(libc_a-errno.o)
 .debug_info    0x00000000      0x719 c:/msys64/mingw64/bin/../lib/gcc/arm-none-eabi/12.2.0/../../../../arm-none-eabi/lib/thumb/v7-m/nofp\libc.a(libc_a-errno.o)
 .debug_abbrev  0x00000000      0x19a c:/msys64/mingw64/bin/../lib/gcc/arm-none-eabi/12.2.0/../../../../arm-none-eabi/lib/thumb/v7-m/nofp\libc.a(libc_a-errno.o)
 .debug_aranges
                0x00000000       0x20 c:/msys64/mingw64/bin/../lib/gcc/arm-none-eabi/12.2.0/../../../../arm-none-eabi/lib/thumb/v7-m/nofp\libc.a(libc_a-errno.o)
 .debug_line    0x00000000      0x120 c:/msys64/mingw64/bin/../lib/gcc/arm-none-eabi/12.2.0/../../../../arm-none-eabi/lib/thumb/v7-m/nofp\libc.a(libc_a-errno.o)
 .debug_str     0x00000000      0x484 c:/msys64/mingw64/bin/../lib/gcc/arm-none-eabi/12.2.0/../../../../arm-none-eabi/lib/thumb/v7-m/nofp\libc.a(libc_a-errno.o)
 .comment       0x00000000       0x13 c:/msys64/mingw64/bin/../lib/gcc/arm-none-eabi/12.2.0/../../../../arm-none-eabi/lib/thumb/v7-m/nofp\libc.a(libc_a-errno.o)
 .debug_frame   0x00000000       0x20 c:/msys64/mingw64/bin/../lib/gcc/arm-none-eabi/12.2.0/../../../../arm-none-eabi/lib/thumb/v7-m/nofp\libc.a(libc_a-errno.o)
 .ARM.attributes
                0x00000000       0x2d c:/msys64/mingw64/bin/../lib/gcc/arm-none-eabi/12.2.0/../../../../arm-none-eabi/lib/thumb/v7-m/nofp\libc.a(libc_a-errno.o)
 .text          0x00000000        0x0 c:/msys64/mingw64/bin/../lib/gcc/arm-none-eabi/12.2.0/thumb/v7-m/nofp/crtend.o
 .data          0x00000000        0x0 c:/msys64/mingw64/bin/../lib/gcc/arm-none-eabi/12.2.0/thumb/v7-m/nofp/crtend.o
 .bss           0x00000000        0x0 c:/msys64/mingw64/bin/../lib/gcc/arm-none-eabi/12.2.0/thumb/v7-m/nofp/crtend.o
 .rodata.all_implied_fbits
                0x00000000       0x24 c:/msys64/mingw64/bin/../lib/gcc/arm-none-eabi/12.2.0/thumb/v7-m/nofp/crtend.o
 .eh_frame      0x00000000        0x4 c:/msys64/mingw64/bin/../lib/gcc/arm-none-eabi/12.2.0/thumb/v7-m/nofp/crtend.o
 .ARM.attributes
                0x00000000       0x2d c:/msys64/mingw64/bin/../lib/gcc/arm-none-eabi/12.2.0/thumb/v7-m/nofp/crtend.o
 .text          0x00000000        0x0 c:/msys64/mingw64/bin/../lib/gcc/arm-none-eabi/12.2.0/thumb/v7-m/nofp/crtn.o
 .data          0x00000000        0x0 c:/msys64/mingw64/bin/../lib/gcc/arm-none-eabi/12.2.0/thumb/v7-m/nofp/crtn.o
 .bss           0x00000000        0x0 c:/msys64/mingw64/bin/../lib/gcc/arm-none-eabi/12.2.0/thumb/v7-m/nofp/crtn.o

Memory Configuration

Name             Origin             Length             Attributes
RAM              0x20000000         0x00005000         xrw
FLASH            0x08000000         0x00010000         xr
*default*        0x00000000         0xffffffff

Linker script and memory map

LOAD c:/msys64/mingw64/bin/../lib/gcc/arm-none-eabi/12.2.0/thumb/v7-m/nofp/crti.o
LOAD c:/msys64/mingw64/bin/../lib/gcc/arm-none-eabi/12.2.0/thumb/v7-m/nofp/crtbegin.o
LOAD c:/msys64/mingw64/bin/../lib/gcc/arm-none-eabi/12.2.0/../../../../arm-none-eabi/lib/thumb/v7-m/nofp/crt0.o
LOAD Output/port.o
LOAD Output/heap_4.o
LOAD Output/main.o
LOAD Output/adc.o
LOAD Output/gpio.o
LOAD Output/sleep.o
LOAD Output/system_init.o
LOAD Output/timer.o
LOAD Output/croutine.o
LOAD Output/event_groups.o
LOAD Output/list.o
LOAD Output/queue.o
LOAD Output/stream_buffer.o
LOAD Output/tasks.o
LOAD Output/timers.o
LOAD Output/startup_stm32f103c8tx.o
START GROUP
LOAD c:/msys64/mingw64/bin/../lib/gcc/arm-none-eabi/12.2.0/thumb/v7-m/nofp\libgcc.a
LOAD c:/msys64/mingw64/bin/../lib/gcc/arm-none-eabi/12.2.0/../../../../arm-none-eabi/lib/thumb/v7-m/nofp\libc.a
END GROUP
LOAD c:/msys64/mingw64/bin/../lib/gcc/arm-none-eabi/12.2.0/thumb/v7-m/nofp/crtend.o
LOAD c:/msys64/mingw64/bin/../lib/gcc/arm-none-eabi/12.2.0/thumb/v7-m/nofp/crtn.o
                0x20005000                        _estack = (ORIGIN (RAM) + LENGTH (RAM))
                0x00000200                        _Min_Heap_Size = 0x200
                0x00000400                        _Min_Stack_Size = 0x400

.isr_vector     0x08000000      0x10c
                0x08000000                        . = ALIGN (0x4)
 *(.isr_vector)
 .isr_vector    0x08000000      0x10c Output/startup_stm32f103c8tx.o
                0x08000000                g_pfnVectors
                0x0800010c                        . = ALIGN (0x4)

.text           0x08000110     0x613c
                0x08000110                        . = ALIGN (0x4)
 *(.text)
 .text          0x08000110      0x410 Output/port.o
                0x08000110                pxPortInitialiseStack
                0x080001c0                SVC_Handler
                0x08000206                xPortStartScheduler
                0x080002ec                vPortEndScheduler
                0x08000324                vPortEnterCritical
                0x08000384                vPortExitCritical
                0x080003d8                PendSV_Handler
                0x08000426                SysTick_Handler
                0x0800046c                vPortSetupTimerInterrupt
                0x080004a0                vPortValidateInterruptPriority
 .text          0x08000520      0x2e4 Output/heap_4.o
                0x08000520                pvPortMalloc
                0x0800065c                vPortFree
                0x08000734                xPortGetFreeHeapSize
                0x08000748                vPortInitialiseBlocks
                0x08000754                pvPortCalloc
 .text          0x08000804      0x10c Output/main.o
                0x08000804                vApplicationGetIdleTaskMemory
                0x08000834                vApplicationGetTimerTaskMemory
                0x08000868                func1
                0x0800088c                func2
                0x080008b0                SystemInit
                0x080008be                main
 .text          0x08000910       0xe4 Output/gpio.o
                0x08000910                gpio_init
                0x080009a4                blink_led1
                0x080009cc                blink_led2
 .text          0x080009f4      0x210 Output/system_init.o
                0x080009f4                rcc_init
                0x08000a80                enable_clock_APB1
                0x08000aac                enable_clock_APB2
                0x08000ad8                enable_clock_AHB
                0x08000b04                disable_clock_APB1
                0x08000b34                disable_clock_APB2
                0x08000b64                disable_clock_AHB
                0x08000b94                systick_init
                0x08000bd4                systick_delay_ms
 .text          0x08000c04       0xb0 Output/timer.o
                0x08000c04                timer1_init
                0x08000c58                timer1_delay
                0x08000c88                TIM1_UP_IRQHandler
 .text          0x08000cb4      0x15e Output/list.o
                0x08000cb4                vListInitialise
                0x08000cf2                vListInitialiseItem
                0x08000d0a                vListInsertEnd
                0x08000d50                vListInsert
                0x08000dc0                uxListRemove
 *fill*         0x08000e12        0x2 
 .text          0x08000e14     0x1808 Output/queue.o
                0x08000e14                xQueueGenericReset
                0x08000f38                xQueueGenericCreateStatic
                0x08000ffa                xQueueGenericCreate
                0x0800111a                xQueueCreateMutex
                0x0800114a                xQueueCreateMutexStatic
                0x08001180                xQueueGetMutexHolder
                0x080011d0                xQueueGetMutexHolderFromISR
                0x08001216                xQueueGiveMutexRecursive
                0x08001280                xQueueTakeMutexRecursive
                0x080012ee                xQueueCreateCountingSemaphoreStatic
                0x08001354                xQueueCreateCountingSemaphore
                0x080013b2                xQueueGenericSend
                0x080015b8                xQueueGenericSendFromISR
                0x08001724                xQueueGiveFromISR
                0x08001874                xQueueReceive
                0x08001a38                xQueueSemaphoreTake
                0x08001c38                xQueuePeek
                0x08001e00                xQueueReceiveFromISR
                0x08001f34                xQueuePeekFromISR
                0x0800200c                uxQueueMessagesWaiting
                0x0800204a                uxQueueSpacesAvailable
                0x08002092                uxQueueMessagesWaitingFromISR
                0x080020ce                vQueueDelete
                0x08002116                uxQueueGetQueueNumber
                0x0800212c                vQueueSetQueueNumber
                0x08002146                ucQueueGetQueueType
                0x0800237c                xQueueIsQueueEmptyFromISR
                0x080023f4                xQueueIsQueueFullFromISR
                0x08002440                vQueueAddToRegistry
                0x080024dc                pcQueueGetName
                0x08002544                vQueueUnregisterQueue
                0x080025b4                vQueueWaitForMessageRestricted
 .text          0x0800261c     0x2e0c Output/tasks.o
                0x0800261c                xTaskCreateStatic
                0x080026e6                xTaskCreate
                0x080029c8                vTaskDelete
                0x08002ab8                xTaskDelayUntil
                0x08002bbc                vTaskDelay
                0x08002c28                eTaskGetState
                0x08002d1c                uxTaskPriorityGet
                0x08002d50                uxTaskPriorityGetFromISR
                0x08002da8                vTaskPrioritySet
                0x08002f38                vTaskSuspend
                0x080030a4                vTaskResume
                0x080031b4                xTaskResumeFromISR
                0x080032f4                vTaskStartScheduler
                0x080033cc                vTaskEndScheduler
                0x080033fc                vTaskSuspendAll
                0x08003418                xTaskResumeAll
                0x08003614                xTaskGetTickCount
                0x08003630                xTaskGetTickCountFromISR
                0x08003654                uxTaskGetNumberOfTasks
                0x08003668                pcTaskGetName
                0x080036b0                uxTaskGetSystemState
                0x080037cc                xTaskCatchUpTicks
                0x08003824                xTaskIncrementTick
                0x08003a54                vTaskSwitchContext
                0x08003b10                vTaskPlaceOnEventList
                0x08003b5c                vTaskPlaceOnUnorderedEventList
                0x08003c0c                vTaskPlaceOnEventListRestricted
                0x08003c98                xTaskRemoveFromEventList
                0x08003e48                vTaskRemoveFromUnorderedEventList
                0x08003fcc                vTaskSetTimeOutState
                0x0800401c                vTaskInternalSetTimeOutState
                0x08004048                xTaskCheckForTimeOut
                0x08004118                vTaskMissedYield
                0x08004130                uxTaskGetTaskNumber
                0x0800415a                vTaskSetTaskNumber
                0x08004288                vTaskGetInfo
                0x0800442e                uxTaskGetStackHighWaterMark
                0x080044f8                xTaskGetCurrentTaskHandle
                0x08004514                xTaskGetSchedulerState
                0x08004550                xTaskPriorityInherit
                0x08004670                xTaskPriorityDisinherit
                0x080047a0                vTaskPriorityDisinheritAfterTimeout
                0x080048f8                uxTaskResetEventItemValue
                0x08004928                pvTaskIncrementMutexHeldCount
                0x08004950                ulTaskGenericNotifyTake
                0x08004a28                xTaskGenericNotifyWait
                0x08004b34                xTaskGenericNotify
                0x08004d90                xTaskGenericNotifyFromISR
                0x08005060                vTaskGenericNotifyGiveFromISR
                0x08005278                xTaskGenericNotifyStateClear
                0x080052ec                ulTaskGenericNotifyValueClear
 .text          0x08005428      0xab4 Output/timers.o
                0x08005428                xTimerCreateTimerTask
                0x080054bc                xTimerCreate
                0x080054fe                xTimerCreateStatic
                0x080055f0                xTimerGenericCommand
                0x0800568c                xTimerGetTimerDaemonTaskHandle
                0x080056c4                xTimerGetPeriod
                0x080056fc                vTimerSetReloadMode
                0x08005764                xTimerGetReloadMode
                0x080057b8                uxTimerGetReloadMode
                0x080057d0                xTimerGetExpiryTime
                0x0800580c                pcTimerGetName
                0x08005d34                xTimerIsTimerActive
                0x08005d88                pvTimerGetTimerID
                0x08005dca                vTimerSetTimerID
                0x08005e0c                xTimerPendFunctionCallFromISR
                0x08005e4c                xTimerPendFunctionCall
                0x08005eac                uxTimerGetTimerNumber
                0x08005ec2                vTimerSetTimerNumber
 .text          0x08005edc        0xc c:/msys64/mingw64/bin/../lib/gcc/arm-none-eabi/12.2.0/../../../../arm-none-eabi/lib/thumb/v7-m/nofp\libc.a(libc_a-atexit.o)
                0x08005edc                atexit
 .text          0x08005ee8       0xa0 c:/msys64/mingw64/bin/../lib/gcc/arm-none-eabi/12.2.0/../../../../arm-none-eabi/lib/thumb/v7-m/nofp\libc.a(libc_a-memset.o)
                0x08005ee8                memset
 .text          0x08005f88       0x50 c:/msys64/mingw64/bin/../lib/gcc/arm-none-eabi/12.2.0/../../../../arm-none-eabi/lib/thumb/v7-m/nofp\libc.a(libc_a-init.o)
                0x08005f88                __libc_init_array
 .text          0x08005fd8       0x28 c:/msys64/mingw64/bin/../lib/gcc/arm-none-eabi/12.2.0/../../../../arm-none-eabi/lib/thumb/v7-m/nofp\libc.a(libc_a-fini.o)
                0x08005fd8                __libc_fini_array
 .text          0x08006000       0x28 c:/msys64/mingw64/bin/../lib/gcc/arm-none-eabi/12.2.0/../../../../arm-none-eabi/lib/thumb/v7-m/nofp\libc.a(libc_a-lock.o)
                0x08006000                __retarget_lock_init
                0x08006004                __retarget_lock_init_recursive
                0x08006008                __retarget_lock_close
                0x0800600c                __retarget_lock_close_recursive
                0x08006010                __retarget_lock_acquire
                0x08006014                __retarget_lock_acquire_recursive
                0x08006018                __retarget_lock_try_acquire
                0x0800601c                __retarget_lock_try_acquire_recursive
                0x08006020                __retarget_lock_release
                0x08006024                __retarget_lock_release_recursive
 .text          0x08006028       0xec c:/msys64/mingw64/bin/../lib/gcc/arm-none-eabi/12.2.0/../../../../arm-none-eabi/lib/thumb/v7-m/nofp\libc.a(libc_a-memcpy.o)
                0x08006028                memcpy
 .text          0x08006114       0x80 c:/msys64/mingw64/bin/../lib/gcc/arm-none-eabi/12.2.0/../../../../arm-none-eabi/lib/thumb/v7-m/nofp\libc.a(libc_a-__atexit.o)
                0x08006114                __register_exitproc
 *(.text*)
 .text.__do_global_dtors_aux
                0x08006194       0x24 c:/msys64/mingw64/bin/../lib/gcc/arm-none-eabi/12.2.0/thumb/v7-m/nofp/crtbegin.o
 .text.frame_dummy
                0x080061b8       0x1c c:/msys64/mingw64/bin/../lib/gcc/arm-none-eabi/12.2.0/thumb/v7-m/nofp/crtbegin.o
 .text.Reset_Handler
                0x080061d4       0x48 Output/startup_stm32f103c8tx.o
                0x080061d4                Reset_Handler
 .text.Default_Handler
                0x0800621c        0x2 Output/startup_stm32f103c8tx.o
                0x0800621c                RTC_Alarm_IRQHandler
                0x0800621c                EXTI2_IRQHandler
                0x0800621c                DebugMon_Handler
                0x0800621c                TIM1_CC_IRQHandler
                0x0800621c                HardFault_Handler
                0x0800621c                PVD_IRQHandler
                0x0800621c                NMI_Handler
                0x0800621c                EXTI3_IRQHandler
                0x0800621c                EXTI0_IRQHandler
                0x0800621c                I2C2_EV_IRQHandler
                0x0800621c                UsageFault_Handler
                0x0800621c                ADC1_2_IRQHandler
                0x0800621c                SPI1_IRQHandler
                0x0800621c                TAMPER_IRQHandler
                0x0800621c                DMA1_Channel4_IRQHandler
                0x0800621c                USART3_IRQHandler
                0x0800621c                RTC_IRQHandler
                0x0800621c                DMA1_Channel7_IRQHandler
                0x0800621c                CAN1_RX1_IRQHandler
                0x0800621c                TIM4_IRQHandler
                0x0800621c                I2C1_EV_IRQHandler
                0x0800621c                DMA1_Channel6_IRQHandler
                0x0800621c                TIM3_IRQHandler
                0x0800621c                RCC_IRQHandler
                0x0800621c                TIM1_TRG_COM_IRQHandler
                0x0800621c                DMA1_Channel1_IRQHandler
                0x0800621c                Default_Handler
                0x0800621c                EXTI15_10_IRQHandler
                0x0800621c                EXTI9_5_IRQHandler
                0x0800621c                SPI2_IRQHandler
                0x0800621c                MemManage_Handler
                0x0800621c                DMA1_Channel5_IRQHandler
                0x0800621c                EXTI4_IRQHandler
                0x0800621c                USB_LP_CAN1_RX0_IRQHandler
                0x0800621c                USB_HP_CAN1_TX_IRQHandler
                0x0800621c                DMA1_Channel3_IRQHandler
                0x0800621c                WWDG_IRQHandler
                0x0800621c                TIM2_IRQHandler
                0x0800621c                TIM1_BRK_IRQHandler
                0x0800621c                EXTI1_IRQHandler
                0x0800621c                USART2_IRQHandler
                0x0800621c                I2C2_ER_IRQHandler
                0x0800621c                DMA1_Channel2_IRQHandler
                0x0800621c                CAN1_SCE_IRQHandler
                0x0800621c                FLASH_IRQHandler
                0x0800621c                BusFault_Handler
                0x0800621c                USART1_IRQHandler
                0x0800621c                I2C1_ER_IRQHandler
                0x0800621c                USBWakeUp_IRQHandler
 *fill*         0x0800621e        0x2 
 .text.startup  0x08006220       0x14 c:/msys64/mingw64/bin/../lib/gcc/arm-none-eabi/12.2.0/../../../../arm-none-eabi/lib/thumb/v7-m/nofp\libc.a(libc_a-__call_atexit.o)
 *(.glue_7)
 .glue_7        0x08006234        0x0 linker stubs
 *(.glue_7t)
 .glue_7t       0x08006234        0x0 linker stubs
 *(.eh_frame)
 .eh_frame      0x08006234        0x0 c:/msys64/mingw64/bin/../lib/gcc/arm-none-eabi/12.2.0/thumb/v7-m/nofp/crtbegin.o
 *(.init)
 .init          0x08006234        0x4 c:/msys64/mingw64/bin/../lib/gcc/arm-none-eabi/12.2.0/thumb/v7-m/nofp/crti.o
                0x08006234                _init
 .init          0x08006238        0x8 c:/msys64/mingw64/bin/../lib/gcc/arm-none-eabi/12.2.0/thumb/v7-m/nofp/crtn.o
 *(.fini)
 .fini          0x08006240        0x4 c:/msys64/mingw64/bin/../lib/gcc/arm-none-eabi/12.2.0/thumb/v7-m/nofp/crti.o
                0x08006240                _fini
 .fini          0x08006244        0x8 c:/msys64/mingw64/bin/../lib/gcc/arm-none-eabi/12.2.0/thumb/v7-m/nofp/crtn.o
                0x0800624c                        . = ALIGN (0x4)
                0x0800624c                        _etext = .

.vfp11_veneer   0x0800624c        0x0
 .vfp11_veneer  0x0800624c        0x0 linker stubs

.v4_bx          0x0800624c        0x0
 .v4_bx         0x0800624c        0x0 linker stubs

.iplt           0x0800624c        0x0
 .iplt          0x0800624c        0x0 c:/msys64/mingw64/bin/../lib/gcc/arm-none-eabi/12.2.0/thumb/v7-m/nofp/crtbegin.o

.rodata         0x0800624c       0x28
                0x0800624c                        . = ALIGN (0x4)
 *(.rodata)
 .rodata        0x0800624c        0xe Output/main.o
 *fill*         0x0800625a        0x2 
 .rodata        0x0800625c        0x5 Output/tasks.o
 *fill*         0x08006261        0x3 
 .rodata        0x08006264        0xd Output/timers.o
 *(.rodata*)
                0x08006274                        . = ALIGN (0x4)
 *fill*         0x08006271        0x3 

.ARM.extab      0x08006274        0x0
                0x08006274                        . = ALIGN (0x4)
 *(.ARM.extab* .gnu.linkonce.armextab.*)
                0x08006274                        . = ALIGN (0x4)

.ARM            0x08006274        0x8
                0x08006274                        . = ALIGN (0x4)
                0x08006274                        __exidx_start = .
 *(.ARM.exidx*)
 .ARM.exidx     0x08006274        0x8 c:/msys64/mingw64/bin/../lib/gcc/arm-none-eabi/12.2.0/../../../../arm-none-eabi/lib/thumb/v7-m/nofp\libc.a(libc_a-memcpy.o)
                0x0800627c                        __exidx_end = .
                0x0800627c                        . = ALIGN (0x4)

.rel.dyn        0x0800627c        0x0
 .rel.iplt      0x0800627c        0x0 c:/msys64/mingw64/bin/../lib/gcc/arm-none-eabi/12.2.0/thumb/v7-m/nofp/crtbegin.o

.preinit_array  0x0800627c        0x0
                0x0800627c                        . = ALIGN (0x4)
                0x0800627c                        PROVIDE (__preinit_array_start = .)
 *(.preinit_array*)
                0x0800627c                        PROVIDE (__preinit_array_end = .)
                0x0800627c                        . = ALIGN (0x4)

.init_array     0x0800627c        0x8
                0x0800627c                        . = ALIGN (0x4)
                0x0800627c                        PROVIDE (__init_array_start = .)
 *(SORT_BY_NAME(.init_array.*))
 .init_array.00000
                0x0800627c        0x4 c:/msys64/mingw64/bin/../lib/gcc/arm-none-eabi/12.2.0/../../../../arm-none-eabi/lib/thumb/v7-m/nofp\libc.a(libc_a-__call_atexit.o)
 *(.init_array*)
 .init_array    0x08006280        0x4 c:/msys64/mingw64/bin/../lib/gcc/arm-none-eabi/12.2.0/thumb/v7-m/nofp/crtbegin.o
                0x08006284                        PROVIDE (__init_array_end = .)
                0x08006284                        . = ALIGN (0x4)

.fini_array     0x08006284        0x4
                0x08006284                        . = ALIGN (0x4)
                0x08006284                        PROVIDE (__fini_array_start = .)
 *(SORT_BY_NAME(.fini_array.*))
 *(.fini_array*)
 .fini_array    0x08006284        0x4 c:/msys64/mingw64/bin/../lib/gcc/arm-none-eabi/12.2.0/thumb/v7-m/nofp/crtbegin.o
                0x08006288                        PROVIDE (__fini_array_end = .)
                0x08006288                        . = ALIGN (0x4)
                0x08006288                        _sidata = LOADADDR (.data)

.data           0x20000000       0x10 load address 0x08006288
                0x20000000                        . = ALIGN (0x4)
                0x20000000                        _sdata = .
 *(.data)
 .data          0x20000000        0x4 Output/port.o
 .data          0x20000004        0x4 Output/heap_4.o
 .data          0x20000008        0x4 Output/tasks.o
                0x20000008                uxTopUsedPriority
 .data          0x2000000c        0x4 c:/msys64/mingw64/bin/../lib/gcc/arm-none-eabi/12.2.0/../../../../arm-none-eabi/lib/thumb/v7-m/nofp\libc.a(libc_a-__call_atexit.o)
                0x2000000c                __atexit_recursive_mutex
 *(.data*)
 *(.RamFunc)
 *(.RamFunc*)
                0x20000010                        . = ALIGN (0x4)
                0x20000010                        _edata = .

.igot.plt       0x20000010        0x0 load address 0x08006298
 .igot.plt      0x20000010        0x0 c:/msys64/mingw64/bin/../lib/gcc/arm-none-eabi/12.2.0/thumb/v7-m/nofp/crtbegin.o
                0x20000010                        . = ALIGN (0x4)

.bss            0x20000010     0x1b18 load address 0x08006298
                0x20000010                        _sbss = .
                0x20000010                        __bss_start__ = _sbss
 *(.bss)
 .bss           0x20000010        0x8 Output/port.o
 .bss           0x20000018      0xc14 Output/heap_4.o
 .bss           0x20000c2c      0x6b8 Output/main.o
 .bss           0x200012e4        0x4 Output/system_init.o
                0x200012e4                g_systick_count
 .bss           0x200012e8        0x4 Output/timer.o
                0x200012e8                g_timer1_count
 .bss           0x200012ec       0x40 Output/queue.o
                0x200012ec                xQueueRegistry
 .bss           0x2000132c      0x500 Output/tasks.o
                0x2000132c                pxCurrentTCB
 .bss           0x2000182c      0x12c Output/timers.o
 .bss           0x20001958       0x1d c:/msys64/mingw64/bin/../lib/gcc/arm-none-eabi/12.2.0/../../../../arm-none-eabi/lib/thumb/v7-m/nofp\libc.a(libc_a-lock.o)
                0x20001958                __lock___arc4random_mutex
                0x2000195c                __lock___dd_hash_mutex
                0x20001960                __lock___tz_mutex
                0x20001964                __lock___env_recursive_mutex
                0x20001968                __lock___malloc_recursive_mutex
                0x2000196c                __lock___at_quick_exit_mutex
                0x20001970                __lock___atexit_recursive_mutex
                0x20001974                __lock___sfp_recursive_mutex
 *fill*         0x20001975        0x3 
 .bss           0x20001978      0x190 c:/msys64/mingw64/bin/../lib/gcc/arm-none-eabi/12.2.0/../../../../arm-none-eabi/lib/thumb/v7-m/nofp\libc.a(libc_a-__atexit.o)
                0x20001978                __atexit0
 .bss           0x20001b08        0x4 c:/msys64/mingw64/bin/../lib/gcc/arm-none-eabi/12.2.0/../../../../arm-none-eabi/lib/thumb/v7-m/nofp\libc.a(libc_a-__call_atexit.o)
                0x20001b08                __atexit
 *(.bss*)
 .bss.completed.1
                0x20001b0c        0x1 c:/msys64/mingw64/bin/../lib/gcc/arm-none-eabi/12.2.0/thumb/v7-m/nofp/crtbegin.o
 *fill*         0x20001b0d        0x3 
 .bss.object.0  0x20001b10       0x18 c:/msys64/mingw64/bin/../lib/gcc/arm-none-eabi/12.2.0/thumb/v7-m/nofp/crtbegin.o
 *(COMMON)
                0x20001b28                        . = ALIGN (0x4)
                0x20001b28                        _ebss = .
                0x20001b28                        __bss_end__ = _ebss

._user_heap_stack
                0x20001b28      0x600 load address 0x08006298
                0x20001b28                        . = ALIGN (0x8)
                [!provide]                        PROVIDE (end = .)
                [!provide]                        PROVIDE (_end = .)
                0x20001d28                        . = (. + _Min_Heap_Size)
 *fill*         0x20001b28      0x200 
                0x20002128                        . = (. + _Min_Stack_Size)
 *fill*         0x20001d28      0x400 
                0x20002128                        . = ALIGN (0x8)

/DISCARD/
 libc.a(*)
 libm.a(*)
 libgcc.a(*)

.ARM.attributes
                0x00000000       0x29
 *(.ARM.attributes)
 .ARM.attributes
                0x00000000       0x1d c:/msys64/mingw64/bin/../lib/gcc/arm-none-eabi/12.2.0/thumb/v7-m/nofp/crti.o
 .ARM.attributes
                0x0000001d       0x2d c:/msys64/mingw64/bin/../lib/gcc/arm-none-eabi/12.2.0/thumb/v7-m/nofp/crtbegin.o
 .ARM.attributes
                0x0000004a       0x2d Output/port.o
 .ARM.attributes
                0x00000077       0x2d Output/heap_4.o
 .ARM.attributes
                0x000000a4       0x2d Output/main.o
 .ARM.attributes
                0x000000d1       0x2d Output/gpio.o
 .ARM.attributes
                0x000000fe       0x2d Output/system_init.o
 .ARM.attributes
                0x0000012b       0x2d Output/timer.o
 .ARM.attributes
                0x00000158       0x2d Output/list.o
 .ARM.attributes
                0x00000185       0x2d Output/queue.o
 .ARM.attributes
                0x000001b2       0x2d Output/tasks.o
 .ARM.attributes
                0x000001df       0x2d Output/timers.o
 .ARM.attributes
                0x0000020c       0x21 Output/startup_stm32f103c8tx.o
 .ARM.attributes
                0x0000022d       0x2d c:/msys64/mingw64/bin/../lib/gcc/arm-none-eabi/12.2.0/../../../../arm-none-eabi/lib/thumb/v7-m/nofp\libc.a(libc_a-atexit.o)
 .ARM.attributes
                0x0000025a       0x2d c:/msys64/mingw64/bin/../lib/gcc/arm-none-eabi/12.2.0/../../../../arm-none-eabi/lib/thumb/v7-m/nofp\libc.a(libc_a-memset.o)
 .ARM.attributes
                0x00000287       0x2d c:/msys64/mingw64/bin/../lib/gcc/arm-none-eabi/12.2.0/../../../../arm-none-eabi/lib/thumb/v7-m/nofp\libc.a(libc_a-init.o)
 .ARM.attributes
                0x000002b4       0x2d c:/msys64/mingw64/bin/../lib/gcc/arm-none-eabi/12.2.0/../../../../arm-none-eabi/lib/thumb/v7-m/nofp\libc.a(libc_a-fini.o)
 .ARM.attributes
                0x000002e1       0x2d c:/msys64/mingw64/bin/../lib/gcc/arm-none-eabi/12.2.0/../../../../arm-none-eabi/lib/thumb/v7-m/nofp\libc.a(libc_a-lock.o)
 .ARM.attributes
                0x0000030e       0x1b c:/msys64/mingw64/bin/../lib/gcc/arm-none-eabi/12.2.0/../../../../arm-none-eabi/lib/thumb/v7-m/nofp\libc.a(libc_a-memcpy.o)
 .ARM.attributes
                0x00000329       0x2d c:/msys64/mingw64/bin/../lib/gcc/arm-none-eabi/12.2.0/../../../../arm-none-eabi/lib/thumb/v7-m/nofp\libc.a(libc_a-__atexit.o)
 .ARM.attributes
                0x00000356       0x2d c:/msys64/mingw64/bin/../lib/gcc/arm-none-eabi/12.2.0/../../../../arm-none-eabi/lib/thumb/v7-m/nofp\libc.a(libc_a-__call_atexit.o)
 .ARM.attributes
                0x00000383       0x1d c:/msys64/mingw64/bin/../lib/gcc/arm-none-eabi/12.2.0/thumb/v7-m/nofp/crtn.o
OUTPUT(Output/Free_RTOS.elf elf32-littlearm)
LOAD linker stubs
LOAD c:/msys64/mingw64/bin/../lib/gcc/arm-none-eabi/12.2.0/../../../../arm-none-eabi/lib/thumb/v7-m/nofp\libc.a
LOAD c:/msys64/mingw64/bin/../lib/gcc/arm-none-eabi/12.2.0/../../../../arm-none-eabi/lib/thumb/v7-m/nofp\libm.a
LOAD c:/msys64/mingw64/bin/../lib/gcc/arm-none-eabi/12.2.0/thumb/v7-m/nofp\libgcc.a

.comment        0x00000000       0x12
 .comment       0x00000000       0x12 Output/port.o
                                 0x13 (size before relaxing)
 .comment       0x00000012       0x13 Output/heap_4.o
 .comment       0x00000012       0x13 Output/main.o
 .comment       0x00000012       0x13 Output/gpio.o
 .comment       0x00000012       0x13 Output/system_init.o
 .comment       0x00000012       0x13 Output/timer.o
 .comment       0x00000012       0x13 Output/list.o
 .comment       0x00000012       0x13 Output/queue.o
 .comment       0x00000012       0x13 Output/tasks.o
 .comment       0x00000012       0x13 Output/timers.o
 .comment       0x00000012       0x13 c:/msys64/mingw64/bin/../lib/gcc/arm-none-eabi/12.2.0/../../../../arm-none-eabi/lib/thumb/v7-m/nofp\libc.a(libc_a-atexit.o)
 .comment       0x00000012       0x13 c:/msys64/mingw64/bin/../lib/gcc/arm-none-eabi/12.2.0/../../../../arm-none-eabi/lib/thumb/v7-m/nofp\libc.a(libc_a-memset.o)
 .comment       0x00000012       0x13 c:/msys64/mingw64/bin/../lib/gcc/arm-none-eabi/12.2.0/../../../../arm-none-eabi/lib/thumb/v7-m/nofp\libc.a(libc_a-init.o)
 .comment       0x00000012       0x13 c:/msys64/mingw64/bin/../lib/gcc/arm-none-eabi/12.2.0/../../../../arm-none-eabi/lib/thumb/v7-m/nofp\libc.a(libc_a-fini.o)
 .comment       0x00000012       0x13 c:/msys64/mingw64/bin/../lib/gcc/arm-none-eabi/12.2.0/../../../../arm-none-eabi/lib/thumb/v7-m/nofp\libc.a(libc_a-lock.o)
 .comment       0x00000012       0x13 c:/msys64/mingw64/bin/../lib/gcc/arm-none-eabi/12.2.0/../../../../arm-none-eabi/lib/thumb/v7-m/nofp\libc.a(libc_a-__atexit.o)
 .comment       0x00000012       0x13 c:/msys64/mingw64/bin/../lib/gcc/arm-none-eabi/12.2.0/../../../../arm-none-eabi/lib/thumb/v7-m/nofp\libc.a(libc_a-__call_atexit.o)

.debug_info     0x00000000      0xbc8
 .debug_info    0x00000000      0x118 c:/msys64/mingw64/bin/../lib/gcc/arm-none-eabi/12.2.0/../../../../arm-none-eabi/lib/thumb/v7-m/nofp\libc.a(libc_a-atexit.o)
 .debug_info    0x00000118      0x135 c:/msys64/mingw64/bin/../lib/gcc/arm-none-eabi/12.2.0/../../../../arm-none-eabi/lib/thumb/v7-m/nofp\libc.a(libc_a-memset.o)
 .debug_info    0x0000024d      0x10b c:/msys64/mingw64/bin/../lib/gcc/arm-none-eabi/12.2.0/../../../../arm-none-eabi/lib/thumb/v7-m/nofp\libc.a(libc_a-init.o)
 .debug_info    0x00000358       0xf7 c:/msys64/mingw64/bin/../lib/gcc/arm-none-eabi/12.2.0/../../../../arm-none-eabi/lib/thumb/v7-m/nofp\libc.a(libc_a-fini.o)
 .debug_info    0x0000044f      0x20a c:/msys64/mingw64/bin/../lib/gcc/arm-none-eabi/12.2.0/../../../../arm-none-eabi/lib/thumb/v7-m/nofp\libc.a(libc_a-lock.o)
 .debug_info    0x00000659       0x33 c:/msys64/mingw64/bin/../lib/gcc/arm-none-eabi/12.2.0/../../../../arm-none-eabi/lib/thumb/v7-m/nofp\libc.a(libc_a-memcpy.o)
 .debug_info    0x0000068c      0x25f c:/msys64/mingw64/bin/../lib/gcc/arm-none-eabi/12.2.0/../../../../arm-none-eabi/lib/thumb/v7-m/nofp\libc.a(libc_a-__atexit.o)
 .debug_info    0x000008eb      0x2dd c:/msys64/mingw64/bin/../lib/gcc/arm-none-eabi/12.2.0/../../../../arm-none-eabi/lib/thumb/v7-m/nofp\libc.a(libc_a-__call_atexit.o)

.debug_abbrev   0x00000000      0x7df
 .debug_abbrev  0x00000000       0xc1 c:/msys64/mingw64/bin/../lib/gcc/arm-none-eabi/12.2.0/../../../../arm-none-eabi/lib/thumb/v7-m/nofp\libc.a(libc_a-atexit.o)
 .debug_abbrev  0x000000c1       0xb7 c:/msys64/mingw64/bin/../lib/gcc/arm-none-eabi/12.2.0/../../../../arm-none-eabi/lib/thumb/v7-m/nofp\libc.a(libc_a-memset.o)
 .debug_abbrev  0x00000178       0xc9 c:/msys64/mingw64/bin/../lib/gcc/arm-none-eabi/12.2.0/../../../../arm-none-eabi/lib/thumb/v7-m/nofp\libc.a(libc_a-init.o)
 .debug_abbrev  0x00000241       0xcc c:/msys64/mingw64/bin/../lib/gcc/arm-none-eabi/12.2.0/../../../../arm-none-eabi/lib/thumb/v7-m/nofp\libc.a(libc_a-fini.o)
 .debug_abbrev  0x0000030d      0x115 c:/msys64/mingw64/bin/../lib/gcc/arm-none-eabi/12.2.0/../../../../arm-none-eabi/lib/thumb/v7-m/nofp\libc.a(libc_a-lock.o)
 .debug_abbrev  0x00000422       0x28 c:/msys64/mingw64/bin/../lib/gcc/arm-none-eabi/12.2.0/../../../../arm-none-eabi/lib/thumb/v7-m/nofp\libc.a(libc_a-memcpy.o)
 .debug_abbrev  0x0000044a      0x189 c:/msys64/mingw64/bin/../lib/gcc/arm-none-eabi/12.2.0/../../../../arm-none-eabi/lib/thumb/v7-m/nofp\libc.a(libc_a-__atexit.o)
 .debug_abbrev  0x000005d3      0x20c c:/msys64/mingw64/bin/../lib/gcc/arm-none-eabi/12.2.0/../../../../arm-none-eabi/lib/thumb/v7-m/nofp\libc.a(libc_a-__call_atexit.o)

.debug_loclists
                0x00000000      0x43f
 .debug_loclists
                0x00000000       0x25 c:/msys64/mingw64/bin/../lib/gcc/arm-none-eabi/12.2.0/../../../../arm-none-eabi/lib/thumb/v7-m/nofp\libc.a(libc_a-atexit.o)
 .debug_loclists
                0x00000025      0x1cb c:/msys64/mingw64/bin/../lib/gcc/arm-none-eabi/12.2.0/../../../../arm-none-eabi/lib/thumb/v7-m/nofp\libc.a(libc_a-memset.o)
 .debug_loclists
                0x000001f0       0x65 c:/msys64/mingw64/bin/../lib/gcc/arm-none-eabi/12.2.0/../../../../arm-none-eabi/lib/thumb/v7-m/nofp\libc.a(libc_a-init.o)
 .debug_loclists
                0x00000255       0x42 c:/msys64/mingw64/bin/../lib/gcc/arm-none-eabi/12.2.0/../../../../arm-none-eabi/lib/thumb/v7-m/nofp\libc.a(libc_a-fini.o)
 .debug_loclists
                0x00000297       0x1e c:/msys64/mingw64/bin/../lib/gcc/arm-none-eabi/12.2.0/../../../../arm-none-eabi/lib/thumb/v7-m/nofp\libc.a(libc_a-lock.o)
 .debug_loclists
                0x000002b5       0x73 c:/msys64/mingw64/bin/../lib/gcc/arm-none-eabi/12.2.0/../../../../arm-none-eabi/lib/thumb/v7-m/nofp\libc.a(libc_a-__atexit.o)
 .debug_loclists
                0x00000328      0x117 c:/msys64/mingw64/bin/../lib/gcc/arm-none-eabi/12.2.0/../../../../arm-none-eabi/lib/thumb/v7-m/nofp\libc.a(libc_a-__call_atexit.o)

.debug_aranges  0x00000000      0x108
 .debug_aranges
                0x00000000       0x20 c:/msys64/mingw64/bin/../lib/gcc/arm-none-eabi/12.2.0/../../../../arm-none-eabi/lib/thumb/v7-m/nofp\libc.a(libc_a-atexit.o)
 .debug_aranges
                0x00000020       0x20 c:/msys64/mingw64/bin/../lib/gcc/arm-none-eabi/12.2.0/../../../../arm-none-eabi/lib/thumb/v7-m/nofp\libc.a(libc_a-memset.o)
 .debug_aranges
                0x00000040       0x20 c:/msys64/mingw64/bin/../lib/gcc/arm-none-eabi/12.2.0/../../../../arm-none-eabi/lib/thumb/v7-m/nofp\libc.a(libc_a-init.o)
 .debug_aranges
                0x00000060       0x20 c:/msys64/mingw64/bin/../lib/gcc/arm-none-eabi/12.2.0/../../../../arm-none-eabi/lib/thumb/v7-m/nofp\libc.a(libc_a-fini.o)
 .debug_aranges
                0x00000080       0x20 c:/msys64/mingw64/bin/../lib/gcc/arm-none-eabi/12.2.0/../../../../arm-none-eabi/lib/thumb/v7-m/nofp\libc.a(libc_a-lock.o)
 .debug_aranges
                0x000000a0       0x20 c:/msys64/mingw64/bin/../lib/gcc/arm-none-eabi/12.2.0/../../../../arm-none-eabi/lib/thumb/v7-m/nofp\libc.a(libc_a-memcpy.o)
 .debug_aranges
                0x000000c0       0x20 c:/msys64/mingw64/bin/../lib/gcc/arm-none-eabi/12.2.0/../../../../arm-none-eabi/lib/thumb/v7-m/nofp\libc.a(libc_a-__atexit.o)
 .debug_aranges
                0x000000e0       0x28 c:/msys64/mingw64/bin/../lib/gcc/arm-none-eabi/12.2.0/../../../../arm-none-eabi/lib/thumb/v7-m/nofp\libc.a(libc_a-__call_atexit.o)

.debug_line     0x00000000      0xa1a
 .debug_line    0x00000000       0xc8 c:/msys64/mingw64/bin/../lib/gcc/arm-none-eabi/12.2.0/../../../../arm-none-eabi/lib/thumb/v7-m/nofp\libc.a(libc_a-atexit.o)
 .debug_line    0x000000c8      0x1cd c:/msys64/mingw64/bin/../lib/gcc/arm-none-eabi/12.2.0/../../../../arm-none-eabi/lib/thumb/v7-m/nofp\libc.a(libc_a-memset.o)
 .debug_line    0x00000295      0x144 c:/msys64/mingw64/bin/../lib/gcc/arm-none-eabi/12.2.0/../../../../arm-none-eabi/lib/thumb/v7-m/nofp\libc.a(libc_a-init.o)
 .debug_line    0x000003d9       0xf4 c:/msys64/mingw64/bin/../lib/gcc/arm-none-eabi/12.2.0/../../../../arm-none-eabi/lib/thumb/v7-m/nofp\libc.a(libc_a-fini.o)
 .debug_line    0x000004cd       0xd7 c:/msys64/mingw64/bin/../lib/gcc/arm-none-eabi/12.2.0/../../../../arm-none-eabi/lib/thumb/v7-m/nofp\libc.a(libc_a-lock.o)
 .debug_line    0x000005a4       0xbd c:/msys64/mingw64/bin/../lib/gcc/arm-none-eabi/12.2.0/../../../../arm-none-eabi/lib/thumb/v7-m/nofp\libc.a(libc_a-memcpy.o)
 .debug_line    0x00000661      0x17a c:/msys64/mingw64/bin/../lib/gcc/arm-none-eabi/12.2.0/../../../../arm-none-eabi/lib/thumb/v7-m/nofp\libc.a(libc_a-__atexit.o)
 .debug_line    0x000007db      0x23f c:/msys64/mingw64/bin/../lib/gcc/arm-none-eabi/12.2.0/../../../../arm-none-eabi/lib/thumb/v7-m/nofp\libc.a(libc_a-__call_atexit.o)

.debug_str      0x00000000      0x6ad
 .debug_str     0x00000000      0x6ad c:/msys64/mingw64/bin/../lib/gcc/arm-none-eabi/12.2.0/../../../../arm-none-eabi/lib/thumb/v7-m/nofp\libc.a(libc_a-atexit.o)
                                0x1b7 (size before relaxing)
 .debug_str     0x000006ad      0x18e c:/msys64/mingw64/bin/../lib/gcc/arm-none-eabi/12.2.0/../../../../arm-none-eabi/lib/thumb/v7-m/nofp\libc.a(libc_a-memset.o)
 .debug_str     0x000006ad      0x1db c:/msys64/mingw64/bin/../lib/gcc/arm-none-eabi/12.2.0/../../../../arm-none-eabi/lib/thumb/v7-m/nofp\libc.a(libc_a-init.o)
 .debug_str     0x000006ad      0x1b1 c:/msys64/mingw64/bin/../lib/gcc/arm-none-eabi/12.2.0/../../../../arm-none-eabi/lib/thumb/v7-m/nofp\libc.a(libc_a-fini.o)
 .debug_str     0x000006ad      0x2ed c:/msys64/mingw64/bin/../lib/gcc/arm-none-eabi/12.2.0/../../../../arm-none-eabi/lib/thumb/v7-m/nofp\libc.a(libc_a-lock.o)
 .debug_str     0x000006ad       0x9a c:/msys64/mingw64/bin/../lib/gcc/arm-none-eabi/12.2.0/../../../../arm-none-eabi/lib/thumb/v7-m/nofp\libc.a(libc_a-memcpy.o)
 .debug_str     0x000006ad      0x28e c:/msys64/mingw64/bin/../lib/gcc/arm-none-eabi/12.2.0/../../../../arm-none-eabi/lib/thumb/v7-m/nofp\libc.a(libc_a-__atexit.o)
 .debug_str     0x000006ad      0x2b7 c:/msys64/mingw64/bin/../lib/gcc/arm-none-eabi/12.2.0/../../../../arm-none-eabi/lib/thumb/v7-m/nofp\libc.a(libc_a-__call_atexit.o)

.debug_frame    0x00000000      0x1ec
 .debug_frame   0x00000000       0x20 c:/msys64/mingw64/bin/../lib/gcc/arm-none-eabi/12.2.0/../../../../arm-none-eabi/lib/thumb/v7-m/nofp\libc.a(libc_a-atexit.o)
 .debug_frame   0x00000020       0x2c c:/msys64/mingw64/bin/../lib/gcc/arm-none-eabi/12.2.0/../../../../arm-none-eabi/lib/thumb/v7-m/nofp\libc.a(libc_a-memset.o)
 .debug_frame   0x0000004c       0x2c c:/msys64/mingw64/bin/../lib/gcc/arm-none-eabi/12.2.0/../../../../arm-none-eabi/lib/thumb/v7-m/nofp\libc.a(libc_a-init.o)
 .debug_frame   0x00000078       0x34 c:/msys64/mingw64/bin/../lib/gcc/arm-none-eabi/12.2.0/../../../../arm-none-eabi/lib/thumb/v7-m/nofp\libc.a(libc_a-fini.o)
 .debug_frame   0x000000ac       0xb0 c:/msys64/mingw64/bin/../lib/gcc/arm-none-eabi/12.2.0/../../../../arm-none-eabi/lib/thumb/v7-m/nofp\libc.a(libc_a-lock.o)
 .debug_frame   0x0000015c       0x34 c:/msys64/mingw64/bin/../lib/gcc/arm-none-eabi/12.2.0/../../../../arm-none-eabi/lib/thumb/v7-m/nofp\libc.a(libc_a-__atexit.o)
 .debug_frame   0x00000190       0x5c c:/msys64/mingw64/bin/../lib/gcc/arm-none-eabi/12.2.0/../../../../arm-none-eabi/lib/thumb/v7-m/nofp\libc.a(libc_a-__call_atexit.o)

.debug_line_str
                0x00000000       0x87
 .debug_line_str
                0x00000000       0x87 c:/msys64/mingw64/bin/../lib/gcc/arm-none-eabi/12.2.0/../../../../arm-none-eabi/lib/thumb/v7-m/nofp\libc.a(libc_a-memcpy.o)

.debug_rnglists
                0x00000000       0x30
 .debug_rnglists
                0x00000000       0x30 c:/msys64/mingw64/bin/../lib/gcc/arm-none-eabi/12.2.0/../../../../arm-none-eabi/lib/thumb/v7-m/nofp\libc.a(libc_a-__call_atexit.o)
